20:29:58 **** Clean-only build of configuration Debug for project STM32F4_Discovery_FreeRTOS_Simple_Demo ****
rm -rf Libraries/STM32F4xx_StdPeriph_Driver/src/stm32f4xx_rcc.d FreeRTOS_Source/croutine.o Libraries/STM32F4xx_StdPeriph_Driver/src/misc.d Libraries/STM32F4xx_StdPeriph_Driver/src/stm32f4xx_dma.o Libraries/STM32F4xx_StdPeriph_Driver/src/stm32f4xx_cryp_tdes.o STM32F4_Discovery_FreeRTOS_Simple_Demo.elf FreeRTOS_Source/croutine.d Libraries/STM32F4xx_StdPeriph_Driver/src/misc.o Libraries/STM32F4xx_StdPeriph_Driver/src/stm32f4xx_exti.d src/main.d Libraries/STM32F4xx_StdPeriph_Driver/src/stm32f4xx_dma.d Libraries/STM32F4xx_StdPeriph_Driver/src/stm32f4xx_cryp_tdes.d Libraries/STM32F4xx_StdPeriph_Driver/src/stm32f4xx_crc.o Libraries/STM32F4xx_StdPeriph_Driver/src/stm32f4xx_exti.o src/main.o Libraries/STM32F4xx_StdPeriph_Driver/src/stm32f4xx_hash_md5.d Libraries/STM32F4xx_StdPeriph_Driver/src/stm32f4xx_hash_md5.o Libraries/STM32F4xx_StdPeriph_Driver/src/stm32f4xx_adc.d src/tiny_printf.o Libraries/STM32F4xx_StdPeriph_Driver/src/stm32f4xx_crc.d FreeRTOS_Source/list.d FreeRTOS_Source/list.o Libraries/STM32F4xx_StdPeriph_Driver/src/stm32f4xx_adc.o Utilities/STM32F4-Discovery/stm32f4_discovery.d Libraries/STM32F4xx_StdPeriph_Driver/src/stm32f4xx_dcmi.d src/tiny_printf.d Libraries/STM32F4xx_StdPeriph_Driver/src/stm32f4xx_syscfg.o Libraries/STM32F4xx_StdPeriph_Driver/src/stm32f4xx_rcc.o Libraries/STM32F4xx_StdPeriph_Driver/src/stm32f4xx_dcmi.o Libraries/STM32F4xx_StdPeriph_Driver/src/stm32f4xx_syscfg.d src/syscalls.d src/stm32f4xx_it.d src/STM32F4-Discovery_callback.o src/stm32f4xx_it.o Libraries/STM32F4xx_StdPeriph_Driver/src/stm32f4xx_hash.o Libraries/STM32F4xx_StdPeriph_Driver/src/stm32f4xx_cryp_des.d src/STM32F4-Discovery_callback.d Libraries/STM32F4xx_StdPeriph_Driver/src/stm32f4xx_cryp_des.o FreeRTOS_Source/event_groups.o Utilities/STM32F4-Discovery/stm32f4_discovery_lis302dl.d FreeRTOS_Source/event_groups.d Libraries/STM32F4xx_StdPeriph_Driver/src/stm32f4xx_hash.d FreeRTOS_Source/tasks.o FreeRTOS_Source/tasks.d src/syscalls.o FreeRTOS_Source/portable/MemMang/heap_1.o Libraries/STM32F4xx_StdPeriph_Driver/src/stm32f4xx_wwdg.o Utilities/STM32F4-Discovery/stm32f4_discovery_lis302dl.o FreeRTOS_Source/portable/MemMang/heap_1.d Libraries/STM32F4xx_StdPeriph_Driver/src/stm32f4xx_wwdg.d Libraries/STM32F4xx_StdPeriph_Driver/src/stm32f4xx_usart.d Libraries/STM32F4xx_StdPeriph_Driver/src/stm32f4xx_dac.o FreeRTOS_Source/timers.d Libraries/STM32F4xx_StdPeriph_Driver/src/stm32f4xx_rng.d Libraries/STM32F4xx_StdPeriph_Driver/src/stm32f4xx_usart.o FreeRTOS_Source/timers.o Libraries/STM32F4xx_StdPeriph_Driver/src/stm32f4xx_dac.d Libraries/STM32F4xx_StdPeriph_Driver/src/stm32f4xx_rng.o Libraries/STM32F4xx_StdPeriph_Driver/src/stm32f4xx_i2c.d Libraries/STM32F4xx_StdPeriph_Driver/src/stm32f4xx_can.o Libraries/STM32F4xx_StdPeriph_Driver/src/stm32f4xx_i2c.o Libraries/STM32F4xx_StdPeriph_Driver/src/stm32f4xx_gpio.o Libraries/STM32F4xx_StdPeriph_Driver/src/stm32f4xx_gpio.d Libraries/STM32F4xx_StdPeriph_Driver/src/stm32f4xx_spi.d Utilities/STM32F4-Discovery/stm32f4_discovery_audio_codec.o Libraries/STM32F4xx_StdPeriph_Driver/src/stm32f4xx_spi.o Libraries/STM32F4xx_StdPeriph_Driver/src/stm32f4xx_tim.o Libraries/STM32F4xx_StdPeriph_Driver/src/stm32f4xx_flash.o Libraries/STM32F4xx_StdPeriph_Driver/src/stm32f4xx_iwdg.d Utilities/STM32F4-Discovery/stm32f4_discovery_audio_codec.d Libraries/STM32F4xx_StdPeriph_Driver/src/stm32f4xx_can.d Libraries/STM32F4xx_StdPeriph_Driver/src/stm32f4xx_iwdg.o Libraries/STM32F4xx_StdPeriph_Driver/src/stm32f4xx_flash.d Libraries/STM32F4xx_StdPeriph_Driver/src/stm32f4xx_fsmc.d Libraries/STM32F4xx_StdPeriph_Driver/src/stm32f4xx_fsmc.o FreeRTOS_Source/queue.o FreeRTOS_Source/queue.d src/system_stm32f4xx.d Utilities/STM32F4-Discovery/stm32f4_discovery.o src/system_stm32f4xx.o Libraries/STM32F4xx_StdPeriph_Driver/src/stm32f4xx_tim.d Libraries/STM32F4xx_StdPeriph_Driver/src/stm32f4xx_hash_sha1.o src/startup_stm32f4xx.o Libraries/STM32F4xx_StdPeriph_Driver/src/stm32f4xx_cryp.o Libraries/STM32F4xx_StdPeriph_Driver/src/stm32f4xx_cryp.d Libraries/STM32F4xx_StdPeriph_Driver/src/stm32f4xx_dbgmcu.o FreeRTOS_Source/portable/GCC/ARM_CM4F/port.o Libraries/STM32F4xx_StdPeriph_Driver/src/stm32f4xx_dbgmcu.d Libraries/STM32F4xx_StdPeriph_Driver/src/stm32f4xx_rtc.d FreeRTOS_Source/portable/GCC/ARM_CM4F/port.d Libraries/STM32F4xx_StdPeriph_Driver/src/stm32f4xx_hash_sha1.d Libraries/STM32F4xx_StdPeriph_Driver/src/stm32f4xx_pwr.o Libraries/STM32F4xx_StdPeriph_Driver/src/stm32f4xx_rtc.o Libraries/STM32F4xx_StdPeriph_Driver/src/stm32f4xx_pwr.d Libraries/STM32F4xx_StdPeriph_Driver/src/stm32f4xx_sdio.d Libraries/STM32F4xx_StdPeriph_Driver/src/stm32f4xx_cryp_aes.o Libraries/STM32F4xx_StdPeriph_Driver/src/stm32f4xx_cryp_aes.d STM32F4_Discovery_FreeRTOS_Simple_Demo Libraries/STM32F4xx_StdPeriph_Driver/src/stm32f4xx_sdio.o 
20:30:38 **** Rebuild of configuration Debug for project STM32F4_Discovery_FreeRTOS_Simple_Demo ****
Info: Internal Builder is used for build
arm-atollic-eabi-gcc -c ..\Libraries\STM32F4xx_StdPeriph_Driver\src\stm32f4xx_hash.c -mthumb -mcpu=cortex-m4 -mfloat-abi=softfp -mfpu=fpv4-sp-d16 -std=gnu11 -DUSE_STM32F4_DISCOVERY -DHSE_VALUE=8000000 -DSTM32F4XX -DUSE_STDPERIPH_DRIVER -I../src -I../Libraries/CMSIS/Include -I../Libraries/Device/STM32F4xx/Include -I../Libraries/STM32F4xx_StdPeriph_Driver/inc -I../Utilities/STM32F4-Discovery -I../FreeRTOS_Source/include -I../FreeRTOS_Source/portable/GCC/ARM_CM4F -O0 -ffunction-sections -fdata-sections -g -fstack-usage -Wall -specs=nano.specs -o Libraries\STM32F4xx_StdPeriph_Driver\src\stm32f4xx_hash.o 
arm-atollic-eabi-gcc -c ..\Libraries\STM32F4xx_StdPeriph_Driver\src\stm32f4xx_adc.c -mthumb -mcpu=cortex-m4 -mfloat-abi=softfp -mfpu=fpv4-sp-d16 -std=gnu11 -DUSE_STM32F4_DISCOVERY -DHSE_VALUE=8000000 -DSTM32F4XX -DUSE_STDPERIPH_DRIVER -I../src -I../Libraries/CMSIS/Include -I../Libraries/Device/STM32F4xx/Include -I../Libraries/STM32F4xx_StdPeriph_Driver/inc -I../Utilities/STM32F4-Discovery -I../FreeRTOS_Source/include -I../FreeRTOS_Source/portable/GCC/ARM_CM4F -O0 -ffunction-sections -fdata-sections -g -fstack-usage -Wall -specs=nano.specs -o Libraries\STM32F4xx_StdPeriph_Driver\src\stm32f4xx_adc.o 
arm-atollic-eabi-gcc -c ..\FreeRTOS_Source\tasks.c -mthumb -mcpu=cortex-m4 -mfloat-abi=softfp -mfpu=fpv4-sp-d16 -std=gnu11 -DUSE_STM32F4_DISCOVERY -DHSE_VALUE=8000000 -DSTM32F4XX -DUSE_STDPERIPH_DRIVER -I../src -I../Libraries/CMSIS/Include -I../Libraries/Device/STM32F4xx/Include -I../Libraries/STM32F4xx_StdPeriph_Driver/inc -I../Utilities/STM32F4-Discovery -I../FreeRTOS_Source/include -I../FreeRTOS_Source/portable/GCC/ARM_CM4F -O0 -ffunction-sections -fdata-sections -g -fstack-usage -Wall -specs=nano.specs -o FreeRTOS_Source\tasks.o 
arm-atollic-eabi-gcc -c ..\Libraries\STM32F4xx_StdPeriph_Driver\src\stm32f4xx_i2c.c -mthumb -mcpu=cortex-m4 -mfloat-abi=softfp -mfpu=fpv4-sp-d16 -std=gnu11 -DUSE_STM32F4_DISCOVERY -DHSE_VALUE=8000000 -DSTM32F4XX -DUSE_STDPERIPH_DRIVER -I../src -I../Libraries/CMSIS/Include -I../Libraries/Device/STM32F4xx/Include -I../Libraries/STM32F4xx_StdPeriph_Driver/inc -I../Utilities/STM32F4-Discovery -I../FreeRTOS_Source/include -I../FreeRTOS_Source/portable/GCC/ARM_CM4F -O0 -ffunction-sections -fdata-sections -g -fstack-usage -Wall -specs=nano.specs -o Libraries\STM32F4xx_StdPeriph_Driver\src\stm32f4xx_i2c.o 
arm-atollic-eabi-gcc -c ..\FreeRTOS_Source\timers.c -mthumb -mcpu=cortex-m4 -mfloat-abi=softfp -mfpu=fpv4-sp-d16 -std=gnu11 -DUSE_STM32F4_DISCOVERY -DHSE_VALUE=8000000 -DSTM32F4XX -DUSE_STDPERIPH_DRIVER -I../src -I../Libraries/CMSIS/Include -I../Libraries/Device/STM32F4xx/Include -I../Libraries/STM32F4xx_StdPeriph_Driver/inc -I../Utilities/STM32F4-Discovery -I../FreeRTOS_Source/include -I../FreeRTOS_Source/portable/GCC/ARM_CM4F -O0 -ffunction-sections -fdata-sections -g -fstack-usage -Wall -specs=nano.specs -o FreeRTOS_Source\timers.o 
arm-atollic-eabi-gcc -c ..\Libraries\STM32F4xx_StdPeriph_Driver\src\stm32f4xx_cryp.c -mthumb -mcpu=cortex-m4 -mfloat-abi=softfp -mfpu=fpv4-sp-d16 -std=gnu11 -DUSE_STM32F4_DISCOVERY -DHSE_VALUE=8000000 -DSTM32F4XX -DUSE_STDPERIPH_DRIVER -I../src -I../Libraries/CMSIS/Include -I../Libraries/Device/STM32F4xx/Include -I../Libraries/STM32F4xx_StdPeriph_Driver/inc -I../Utilities/STM32F4-Discovery -I../FreeRTOS_Source/include -I../FreeRTOS_Source/portable/GCC/ARM_CM4F -O0 -ffunction-sections -fdata-sections -g -fstack-usage -Wall -specs=nano.specs -o Libraries\STM32F4xx_StdPeriph_Driver\src\stm32f4xx_cryp.o 
arm-atollic-eabi-gcc -c ..\Libraries\STM32F4xx_StdPeriph_Driver\src\stm32f4xx_cryp_tdes.c -mthumb -mcpu=cortex-m4 -mfloat-abi=softfp -mfpu=fpv4-sp-d16 -std=gnu11 -DUSE_STM32F4_DISCOVERY -DHSE_VALUE=8000000 -DSTM32F4XX -DUSE_STDPERIPH_DRIVER -I../src -I../Libraries/CMSIS/Include -I../Libraries/Device/STM32F4xx/Include -I../Libraries/STM32F4xx_StdPeriph_Driver/inc -I../Utilities/STM32F4-Discovery -I../FreeRTOS_Source/include -I../FreeRTOS_Source/portable/GCC/ARM_CM4F -O0 -ffunction-sections -fdata-sections -g -fstack-usage -Wall -specs=nano.specs -o Libraries\STM32F4xx_StdPeriph_Driver\src\stm32f4xx_cryp_tdes.o 
arm-atollic-eabi-gcc -c ..\Libraries\STM32F4xx_StdPeriph_Driver\src\stm32f4xx_dma.c -mthumb -mcpu=cortex-m4 -mfloat-abi=softfp -mfpu=fpv4-sp-d16 -std=gnu11 -DUSE_STM32F4_DISCOVERY -DHSE_VALUE=8000000 -DSTM32F4XX -DUSE_STDPERIPH_DRIVER -I../src -I../Libraries/CMSIS/Include -I../Libraries/Device/STM32F4xx/Include -I../Libraries/STM32F4xx_StdPeriph_Driver/inc -I../Utilities/STM32F4-Discovery -I../FreeRTOS_Source/include -I../FreeRTOS_Source/portable/GCC/ARM_CM4F -O0 -ffunction-sections -fdata-sections -g -fstack-usage -Wall -specs=nano.specs -o Libraries\STM32F4xx_StdPeriph_Driver\src\stm32f4xx_dma.o 
arm-atollic-eabi-gcc -c ..\Libraries\STM32F4xx_StdPeriph_Driver\src\stm32f4xx_gpio.c -mthumb -mcpu=cortex-m4 -mfloat-abi=softfp -mfpu=fpv4-sp-d16 -std=gnu11 -DUSE_STM32F4_DISCOVERY -DHSE_VALUE=8000000 -DSTM32F4XX -DUSE_STDPERIPH_DRIVER -I../src -I../Libraries/CMSIS/Include -I../Libraries/Device/STM32F4xx/Include -I../Libraries/STM32F4xx_StdPeriph_Driver/inc -I../Utilities/STM32F4-Discovery -I../FreeRTOS_Source/include -I../FreeRTOS_Source/portable/GCC/ARM_CM4F -O0 -ffunction-sections -fdata-sections -g -fstack-usage -Wall -specs=nano.specs -o Libraries\STM32F4xx_StdPeriph_Driver\src\stm32f4xx_gpio.o 
arm-atollic-eabi-gcc -c ..\Libraries\STM32F4xx_StdPeriph_Driver\src\stm32f4xx_iwdg.c -mthumb -mcpu=cortex-m4 -mfloat-abi=softfp -mfpu=fpv4-sp-d16 -std=gnu11 -DUSE_STM32F4_DISCOVERY -DHSE_VALUE=8000000 -DSTM32F4XX -DUSE_STDPERIPH_DRIVER -I../src -I../Libraries/CMSIS/Include -I../Libraries/Device/STM32F4xx/Include -I../Libraries/STM32F4xx_StdPeriph_Driver/inc -I../Utilities/STM32F4-Discovery -I../FreeRTOS_Source/include -I../FreeRTOS_Source/portable/GCC/ARM_CM4F -O0 -ffunction-sections -fdata-sections -g -fstack-usage -Wall -specs=nano.specs -o Libraries\STM32F4xx_StdPeriph_Driver\src\stm32f4xx_iwdg.o 
arm-atollic-eabi-gcc -c ..\FreeRTOS_Source\queue.c -mthumb -mcpu=cortex-m4 -mfloat-abi=softfp -mfpu=fpv4-sp-d16 -std=gnu11 -DUSE_STM32F4_DISCOVERY -DHSE_VALUE=8000000 -DSTM32F4XX -DUSE_STDPERIPH_DRIVER -I../src -I../Libraries/CMSIS/Include -I../Libraries/Device/STM32F4xx/Include -I../Libraries/STM32F4xx_StdPeriph_Driver/inc -I../Utilities/STM32F4-Discovery -I../FreeRTOS_Source/include -I../FreeRTOS_Source/portable/GCC/ARM_CM4F -O0 -ffunction-sections -fdata-sections -g -fstack-usage -Wall -specs=nano.specs -o FreeRTOS_Source\queue.o 
arm-atollic-eabi-gcc -c ..\Libraries\STM32F4xx_StdPeriph_Driver\src\stm32f4xx_tim.c -mthumb -mcpu=cortex-m4 -mfloat-abi=softfp -mfpu=fpv4-sp-d16 -std=gnu11 -DUSE_STM32F4_DISCOVERY -DHSE_VALUE=8000000 -DSTM32F4XX -DUSE_STDPERIPH_DRIVER -I../src -I../Libraries/CMSIS/Include -I../Libraries/Device/STM32F4xx/Include -I../Libraries/STM32F4xx_StdPeriph_Driver/inc -I../Utilities/STM32F4-Discovery -I../FreeRTOS_Source/include -I../FreeRTOS_Source/portable/GCC/ARM_CM4F -O0 -ffunction-sections -fdata-sections -g -fstack-usage -Wall -specs=nano.specs -o Libraries\STM32F4xx_StdPeriph_Driver\src\stm32f4xx_tim.o 
arm-atollic-eabi-gcc -c ..\FreeRTOS_Source\event_groups.c -mthumb -mcpu=cortex-m4 -mfloat-abi=softfp -mfpu=fpv4-sp-d16 -std=gnu11 -DUSE_STM32F4_DISCOVERY -DHSE_VALUE=8000000 -DSTM32F4XX -DUSE_STDPERIPH_DRIVER -I../src -I../Libraries/CMSIS/Include -I../Libraries/Device/STM32F4xx/Include -I../Libraries/STM32F4xx_StdPeriph_Driver/inc -I../Utilities/STM32F4-Discovery -I../FreeRTOS_Source/include -I../FreeRTOS_Source/portable/GCC/ARM_CM4F -O0 -ffunction-sections -fdata-sections -g -fstack-usage -Wall -specs=nano.specs -o FreeRTOS_Source\event_groups.o 
arm-atollic-eabi-gcc -c ..\Libraries\STM32F4xx_StdPeriph_Driver\src\stm32f4xx_crc.c -mthumb -mcpu=cortex-m4 -mfloat-abi=softfp -mfpu=fpv4-sp-d16 -std=gnu11 -DUSE_STM32F4_DISCOVERY -DHSE_VALUE=8000000 -DSTM32F4XX -DUSE_STDPERIPH_DRIVER -I../src -I../Libraries/CMSIS/Include -I../Libraries/Device/STM32F4xx/Include -I../Libraries/STM32F4xx_StdPeriph_Driver/inc -I../Utilities/STM32F4-Discovery -I../FreeRTOS_Source/include -I../FreeRTOS_Source/portable/GCC/ARM_CM4F -O0 -ffunction-sections -fdata-sections -g -fstack-usage -Wall -specs=nano.specs -o Libraries\STM32F4xx_StdPeriph_Driver\src\stm32f4xx_crc.o 
arm-atollic-eabi-gcc -c ..\Libraries\STM32F4xx_StdPeriph_Driver\src\stm32f4xx_dcmi.c -mthumb -mcpu=cortex-m4 -mfloat-abi=softfp -mfpu=fpv4-sp-d16 -std=gnu11 -DUSE_STM32F4_DISCOVERY -DHSE_VALUE=8000000 -DSTM32F4XX -DUSE_STDPERIPH_DRIVER -I../src -I../Libraries/CMSIS/Include -I../Libraries/Device/STM32F4xx/Include -I../Libraries/STM32F4xx_StdPeriph_Driver/inc -I../Utilities/STM32F4-Discovery -I../FreeRTOS_Source/include -I../FreeRTOS_Source/portable/GCC/ARM_CM4F -O0 -ffunction-sections -fdata-sections -g -fstack-usage -Wall -specs=nano.specs -o Libraries\STM32F4xx_StdPeriph_Driver\src\stm32f4xx_dcmi.o 
arm-atollic-eabi-gcc -c ..\Libraries\STM32F4xx_StdPeriph_Driver\src\stm32f4xx_rtc.c -mthumb -mcpu=cortex-m4 -mfloat-abi=softfp -mfpu=fpv4-sp-d16 -std=gnu11 -DUSE_STM32F4_DISCOVERY -DHSE_VALUE=8000000 -DSTM32F4XX -DUSE_STDPERIPH_DRIVER -I../src -I../Libraries/CMSIS/Include -I../Libraries/Device/STM32F4xx/Include -I../Libraries/STM32F4xx_StdPeriph_Driver/inc -I../Utilities/STM32F4-Discovery -I../FreeRTOS_Source/include -I../FreeRTOS_Source/portable/GCC/ARM_CM4F -O0 -ffunction-sections -fdata-sections -g -fstack-usage -Wall -specs=nano.specs -o Libraries\STM32F4xx_StdPeriph_Driver\src\stm32f4xx_rtc.o 
arm-atollic-eabi-gcc -c ..\Libraries\STM32F4xx_StdPeriph_Driver\src\stm32f4xx_wwdg.c -mthumb -mcpu=cortex-m4 -mfloat-abi=softfp -mfpu=fpv4-sp-d16 -std=gnu11 -DUSE_STM32F4_DISCOVERY -DHSE_VALUE=8000000 -DSTM32F4XX -DUSE_STDPERIPH_DRIVER -I../src -I../Libraries/CMSIS/Include -I../Libraries/Device/STM32F4xx/Include -I../Libraries/STM32F4xx_StdPeriph_Driver/inc -I../Utilities/STM32F4-Discovery -I../FreeRTOS_Source/include -I../FreeRTOS_Source/portable/GCC/ARM_CM4F -O0 -ffunction-sections -fdata-sections -g -fstack-usage -Wall -specs=nano.specs -o Libraries\STM32F4xx_StdPeriph_Driver\src\stm32f4xx_wwdg.o 
arm-atollic-eabi-gcc -c ..\Libraries\STM32F4xx_StdPeriph_Driver\src\stm32f4xx_cryp_des.c -mthumb -mcpu=cortex-m4 -mfloat-abi=softfp -mfpu=fpv4-sp-d16 -std=gnu11 -DUSE_STM32F4_DISCOVERY -DHSE_VALUE=8000000 -DSTM32F4XX -DUSE_STDPERIPH_DRIVER -I../src -I../Libraries/CMSIS/Include -I../Libraries/Device/STM32F4xx/Include -I../Libraries/STM32F4xx_StdPeriph_Driver/inc -I../Utilities/STM32F4-Discovery -I../FreeRTOS_Source/include -I../FreeRTOS_Source/portable/GCC/ARM_CM4F -O0 -ffunction-sections -fdata-sections -g -fstack-usage -Wall -specs=nano.specs -o Libraries\STM32F4xx_StdPeriph_Driver\src\stm32f4xx_cryp_des.o 
arm-atollic-eabi-gcc -c ..\Libraries\STM32F4xx_StdPeriph_Driver\src\stm32f4xx_rcc.c -mthumb -mcpu=cortex-m4 -mfloat-abi=softfp -mfpu=fpv4-sp-d16 -std=gnu11 -DUSE_STM32F4_DISCOVERY -DHSE_VALUE=8000000 -DSTM32F4XX -DUSE_STDPERIPH_DRIVER -I../src -I../Libraries/CMSIS/Include -I../Libraries/Device/STM32F4xx/Include -I../Libraries/STM32F4xx_StdPeriph_Driver/inc -I../Utilities/STM32F4-Discovery -I../FreeRTOS_Source/include -I../FreeRTOS_Source/portable/GCC/ARM_CM4F -O0 -ffunction-sections -fdata-sections -g -fstack-usage -Wall -specs=nano.specs -o Libraries\STM32F4xx_StdPeriph_Driver\src\stm32f4xx_rcc.o 
arm-atollic-eabi-gcc -c ..\Libraries\STM32F4xx_StdPeriph_Driver\src\stm32f4xx_dbgmcu.c -mthumb -mcpu=cortex-m4 -mfloat-abi=softfp -mfpu=fpv4-sp-d16 -std=gnu11 -DUSE_STM32F4_DISCOVERY -DHSE_VALUE=8000000 -DSTM32F4XX -DUSE_STDPERIPH_DRIVER -I../src -I../Libraries/CMSIS/Include -I../Libraries/Device/STM32F4xx/Include -I../Libraries/STM32F4xx_StdPeriph_Driver/inc -I../Utilities/STM32F4-Discovery -I../FreeRTOS_Source/include -I../FreeRTOS_Source/portable/GCC/ARM_CM4F -O0 -ffunction-sections -fdata-sections -g -fstack-usage -Wall -specs=nano.specs -o Libraries\STM32F4xx_StdPeriph_Driver\src\stm32f4xx_dbgmcu.o 
arm-atollic-eabi-gcc -c ..\Libraries\STM32F4xx_StdPeriph_Driver\src\misc.c -mthumb -mcpu=cortex-m4 -mfloat-abi=softfp -mfpu=fpv4-sp-d16 -std=gnu11 -DUSE_STM32F4_DISCOVERY -DHSE_VALUE=8000000 -DSTM32F4XX -DUSE_STDPERIPH_DRIVER -I../src -I../Libraries/CMSIS/Include -I../Libraries/Device/STM32F4xx/Include -I../Libraries/STM32F4xx_StdPeriph_Driver/inc -I../Utilities/STM32F4-Discovery -I../FreeRTOS_Source/include -I../FreeRTOS_Source/portable/GCC/ARM_CM4F -O0 -ffunction-sections -fdata-sections -g -fstack-usage -Wall -specs=nano.specs -o Libraries\STM32F4xx_StdPeriph_Driver\src\misc.o 
arm-atollic-eabi-gcc -c ..\Utilities\STM32F4-Discovery\stm32f4_discovery_audio_codec.c -mthumb -mcpu=cortex-m4 -mfloat-abi=softfp -mfpu=fpv4-sp-d16 -std=gnu11 -DUSE_STM32F4_DISCOVERY -DHSE_VALUE=8000000 -DSTM32F4XX -DUSE_STDPERIPH_DRIVER -I../src -I../Libraries/CMSIS/Include -I../Libraries/Device/STM32F4xx/Include -I../Libraries/STM32F4xx_StdPeriph_Driver/inc -I../Utilities/STM32F4-Discovery -I../FreeRTOS_Source/include -I../FreeRTOS_Source/portable/GCC/ARM_CM4F -O0 -ffunction-sections -fdata-sections -g -fstack-usage -Wall -specs=nano.specs -o Utilities\STM32F4-Discovery\stm32f4_discovery_audio_codec.o 
arm-atollic-eabi-gcc -c ..\Libraries\STM32F4xx_StdPeriph_Driver\src\stm32f4xx_fsmc.c -mthumb -mcpu=cortex-m4 -mfloat-abi=softfp -mfpu=fpv4-sp-d16 -std=gnu11 -DUSE_STM32F4_DISCOVERY -DHSE_VALUE=8000000 -DSTM32F4XX -DUSE_STDPERIPH_DRIVER -I../src -I../Libraries/CMSIS/Include -I../Libraries/Device/STM32F4xx/Include -I../Libraries/STM32F4xx_StdPeriph_Driver/inc -I../Utilities/STM32F4-Discovery -I../FreeRTOS_Source/include -I../FreeRTOS_Source/portable/GCC/ARM_CM4F -O0 -ffunction-sections -fdata-sections -g -fstack-usage -Wall -specs=nano.specs -o Libraries\STM32F4xx_StdPeriph_Driver\src\stm32f4xx_fsmc.o 
arm-atollic-eabi-gcc -c ..\Libraries\STM32F4xx_StdPeriph_Driver\src\stm32f4xx_hash_md5.c -mthumb -mcpu=cortex-m4 -mfloat-abi=softfp -mfpu=fpv4-sp-d16 -std=gnu11 -DUSE_STM32F4_DISCOVERY -DHSE_VALUE=8000000 -DSTM32F4XX -DUSE_STDPERIPH_DRIVER -I../src -I../Libraries/CMSIS/Include -I../Libraries/Device/STM32F4xx/Include -I../Libraries/STM32F4xx_StdPeriph_Driver/inc -I../Utilities/STM32F4-Discovery -I../FreeRTOS_Source/include -I../FreeRTOS_Source/portable/GCC/ARM_CM4F -O0 -ffunction-sections -fdata-sections -g -fstack-usage -Wall -specs=nano.specs -o Libraries\STM32F4xx_StdPeriph_Driver\src\stm32f4xx_hash_md5.o 
arm-atollic-eabi-gcc -c ..\FreeRTOS_Source\portable\GCC\ARM_CM4F\port.c -mthumb -mcpu=cortex-m4 -mfloat-abi=softfp -mfpu=fpv4-sp-d16 -std=gnu11 -DUSE_STM32F4_DISCOVERY -DHSE_VALUE=8000000 -DSTM32F4XX -DUSE_STDPERIPH_DRIVER -I../src -I../Libraries/CMSIS/Include -I../Libraries/Device/STM32F4xx/Include -I../Libraries/STM32F4xx_StdPeriph_Driver/inc -I../Utilities/STM32F4-Discovery -I../FreeRTOS_Source/include -I../FreeRTOS_Source/portable/GCC/ARM_CM4F -O0 -ffunction-sections -fdata-sections -g -fstack-usage -Wall -specs=nano.specs -o FreeRTOS_Source\portable\GCC\ARM_CM4F\port.o 
arm-atollic-eabi-gcc -c ..\FreeRTOS_Source\list.c -mthumb -mcpu=cortex-m4 -mfloat-abi=softfp -mfpu=fpv4-sp-d16 -std=gnu11 -DUSE_STM32F4_DISCOVERY -DHSE_VALUE=8000000 -DSTM32F4XX -DUSE_STDPERIPH_DRIVER -I../src -I../Libraries/CMSIS/Include -I../Libraries/Device/STM32F4xx/Include -I../Libraries/STM32F4xx_StdPeriph_Driver/inc -I../Utilities/STM32F4-Discovery -I../FreeRTOS_Source/include -I../FreeRTOS_Source/portable/GCC/ARM_CM4F -O0 -ffunction-sections -fdata-sections -g -fstack-usage -Wall -specs=nano.specs -o FreeRTOS_Source\list.o 
arm-atollic-eabi-gcc -c ..\Libraries\STM32F4xx_StdPeriph_Driver\src\stm32f4xx_can.c -mthumb -mcpu=cortex-m4 -mfloat-abi=softfp -mfpu=fpv4-sp-d16 -std=gnu11 -DUSE_STM32F4_DISCOVERY -DHSE_VALUE=8000000 -DSTM32F4XX -DUSE_STDPERIPH_DRIVER -I../src -I../Libraries/CMSIS/Include -I../Libraries/Device/STM32F4xx/Include -I../Libraries/STM32F4xx_StdPeriph_Driver/inc -I../Utilities/STM32F4-Discovery -I../FreeRTOS_Source/include -I../FreeRTOS_Source/portable/GCC/ARM_CM4F -O0 -ffunction-sections -fdata-sections -g -fstack-usage -Wall -specs=nano.specs -o Libraries\STM32F4xx_StdPeriph_Driver\src\stm32f4xx_can.o 
arm-atollic-eabi-gcc -c ..\Libraries\STM32F4xx_StdPeriph_Driver\src\stm32f4xx_cryp_aes.c -mthumb -mcpu=cortex-m4 -mfloat-abi=softfp -mfpu=fpv4-sp-d16 -std=gnu11 -DUSE_STM32F4_DISCOVERY -DHSE_VALUE=8000000 -DSTM32F4XX -DUSE_STDPERIPH_DRIVER -I../src -I../Libraries/CMSIS/Include -I../Libraries/Device/STM32F4xx/Include -I../Libraries/STM32F4xx_StdPeriph_Driver/inc -I../Utilities/STM32F4-Discovery -I../FreeRTOS_Source/include -I../FreeRTOS_Source/portable/GCC/ARM_CM4F -O0 -ffunction-sections -fdata-sections -g -fstack-usage -Wall -specs=nano.specs -o Libraries\STM32F4xx_StdPeriph_Driver\src\stm32f4xx_cryp_aes.o 
arm-atollic-eabi-gcc -c ..\Libraries\STM32F4xx_StdPeriph_Driver\src\stm32f4xx_hash_sha1.c -mthumb -mcpu=cortex-m4 -mfloat-abi=softfp -mfpu=fpv4-sp-d16 -std=gnu11 -DUSE_STM32F4_DISCOVERY -DHSE_VALUE=8000000 -DSTM32F4XX -DUSE_STDPERIPH_DRIVER -I../src -I../Libraries/CMSIS/Include -I../Libraries/Device/STM32F4xx/Include -I../Libraries/STM32F4xx_StdPeriph_Driver/inc -I../Utilities/STM32F4-Discovery -I../FreeRTOS_Source/include -I../FreeRTOS_Source/portable/GCC/ARM_CM4F -O0 -ffunction-sections -fdata-sections -g -fstack-usage -Wall -specs=nano.specs -o Libraries\STM32F4xx_StdPeriph_Driver\src\stm32f4xx_hash_sha1.o 
arm-atollic-eabi-gcc -c ..\Libraries\STM32F4xx_StdPeriph_Driver\src\stm32f4xx_pwr.c -mthumb -mcpu=cortex-m4 -mfloat-abi=softfp -mfpu=fpv4-sp-d16 -std=gnu11 -DUSE_STM32F4_DISCOVERY -DHSE_VALUE=8000000 -DSTM32F4XX -DUSE_STDPERIPH_DRIVER -I../src -I../Libraries/CMSIS/Include -I../Libraries/Device/STM32F4xx/Include -I../Libraries/STM32F4xx_StdPeriph_Driver/inc -I../Utilities/STM32F4-Discovery -I../FreeRTOS_Source/include -I../FreeRTOS_Source/portable/GCC/ARM_CM4F -O0 -ffunction-sections -fdata-sections -g -fstack-usage -Wall -specs=nano.specs -o Libraries\STM32F4xx_StdPeriph_Driver\src\stm32f4xx_pwr.o 
arm-atollic-eabi-gcc -c ..\Libraries\STM32F4xx_StdPeriph_Driver\src\stm32f4xx_usart.c -mthumb -mcpu=cortex-m4 -mfloat-abi=softfp -mfpu=fpv4-sp-d16 -std=gnu11 -DUSE_STM32F4_DISCOVERY -DHSE_VALUE=8000000 -DSTM32F4XX -DUSE_STDPERIPH_DRIVER -I../src -I../Libraries/CMSIS/Include -I../Libraries/Device/STM32F4xx/Include -I../Libraries/STM32F4xx_StdPeriph_Driver/inc -I../Utilities/STM32F4-Discovery -I../FreeRTOS_Source/include -I../FreeRTOS_Source/portable/GCC/ARM_CM4F -O0 -ffunction-sections -fdata-sections -g -fstack-usage -Wall -specs=nano.specs -o Libraries\STM32F4xx_StdPeriph_Driver\src\stm32f4xx_usart.o 
arm-atollic-eabi-gcc -c ..\FreeRTOS_Source\croutine.c -mthumb -mcpu=cortex-m4 -mfloat-abi=softfp -mfpu=fpv4-sp-d16 -std=gnu11 -DUSE_STM32F4_DISCOVERY -DHSE_VALUE=8000000 -DSTM32F4XX -DUSE_STDPERIPH_DRIVER -I../src -I../Libraries/CMSIS/Include -I../Libraries/Device/STM32F4xx/Include -I../Libraries/STM32F4xx_StdPeriph_Driver/inc -I../Utilities/STM32F4-Discovery -I../FreeRTOS_Source/include -I../FreeRTOS_Source/portable/GCC/ARM_CM4F -O0 -ffunction-sections -fdata-sections -g -fstack-usage -Wall -specs=nano.specs -o FreeRTOS_Source\croutine.o 
arm-atollic-eabi-gcc -c ..\src\syscalls.c -mthumb -mcpu=cortex-m4 -mfloat-abi=softfp -mfpu=fpv4-sp-d16 -std=gnu11 -DUSE_STM32F4_DISCOVERY -DHSE_VALUE=8000000 -DSTM32F4XX -DUSE_STDPERIPH_DRIVER -I../src -I../Libraries/CMSIS/Include -I../Libraries/Device/STM32F4xx/Include -I../Libraries/STM32F4xx_StdPeriph_Driver/inc -I../Utilities/STM32F4-Discovery -I../FreeRTOS_Source/include -I../FreeRTOS_Source/portable/GCC/ARM_CM4F -O0 -ffunction-sections -fdata-sections -g -fstack-usage -Wall -specs=nano.specs -o src\syscalls.o 
arm-atollic-eabi-gcc -c -mthumb -mcpu=cortex-m4 -mfloat-abi=softfp -mfpu=fpv4-sp-d16 -I../FreeRTOS_Source/include -I../FreeRTOS_Source/portable/GCC/ARM_CM4F -g -Wa,--warn -x assembler-with-cpp -specs=nano.specs -o src\startup_stm32f4xx.o ..\src\startup_stm32f4xx.s 
arm-atollic-eabi-gcc -c ..\src\tiny_printf.c -mthumb -mcpu=cortex-m4 -mfloat-abi=softfp -mfpu=fpv4-sp-d16 -std=gnu11 -DUSE_STM32F4_DISCOVERY -DHSE_VALUE=8000000 -DSTM32F4XX -DUSE_STDPERIPH_DRIVER -I../src -I../Libraries/CMSIS/Include -I../Libraries/Device/STM32F4xx/Include -I../Libraries/STM32F4xx_StdPeriph_Driver/inc -I../Utilities/STM32F4-Discovery -I../FreeRTOS_Source/include -I../FreeRTOS_Source/portable/GCC/ARM_CM4F -O0 -ffunction-sections -fdata-sections -g -fstack-usage -Wall -specs=nano.specs -o src\tiny_printf.o 
arm-atollic-eabi-gcc -c ..\Libraries\STM32F4xx_StdPeriph_Driver\src\stm32f4xx_rng.c -mthumb -mcpu=cortex-m4 -mfloat-abi=softfp -mfpu=fpv4-sp-d16 -std=gnu11 -DUSE_STM32F4_DISCOVERY -DHSE_VALUE=8000000 -DSTM32F4XX -DUSE_STDPERIPH_DRIVER -I../src -I../Libraries/CMSIS/Include -I../Libraries/Device/STM32F4xx/Include -I../Libraries/STM32F4xx_StdPeriph_Driver/inc -I../Utilities/STM32F4-Discovery -I../FreeRTOS_Source/include -I../FreeRTOS_Source/portable/GCC/ARM_CM4F -O0 -ffunction-sections -fdata-sections -g -fstack-usage -Wall -specs=nano.specs -o Libraries\STM32F4xx_StdPeriph_Driver\src\stm32f4xx_rng.o 
arm-atollic-eabi-gcc -c ..\src\main.c -mthumb -mcpu=cortex-m4 -mfloat-abi=softfp -mfpu=fpv4-sp-d16 -std=gnu11 -DUSE_STM32F4_DISCOVERY -DHSE_VALUE=8000000 -DSTM32F4XX -DUSE_STDPERIPH_DRIVER -I../src -I../Libraries/CMSIS/Include -I../Libraries/Device/STM32F4xx/Include -I../Libraries/STM32F4xx_StdPeriph_Driver/inc -I../Utilities/STM32F4-Discovery -I../FreeRTOS_Source/include -I../FreeRTOS_Source/portable/GCC/ARM_CM4F -O0 -ffunction-sections -fdata-sections -g -fstack-usage -Wall -specs=nano.specs -o src\main.o 
arm-atollic-eabi-gcc -c ..\src\system_stm32f4xx.c -mthumb -mcpu=cortex-m4 -mfloat-abi=softfp -mfpu=fpv4-sp-d16 -std=gnu11 -DUSE_STM32F4_DISCOVERY -DHSE_VALUE=8000000 -DSTM32F4XX -DUSE_STDPERIPH_DRIVER -I../src -I../Libraries/CMSIS/Include -I../Libraries/Device/STM32F4xx/Include -I../Libraries/STM32F4xx_StdPeriph_Driver/inc -I../Utilities/STM32F4-Discovery -I../FreeRTOS_Source/include -I../FreeRTOS_Source/portable/GCC/ARM_CM4F -O0 -ffunction-sections -fdata-sections -g -fstack-usage -Wall -specs=nano.specs -o src\system_stm32f4xx.o 
arm-atollic-eabi-gcc -c ..\Libraries\STM32F4xx_StdPeriph_Driver\src\stm32f4xx_dac.c -mthumb -mcpu=cortex-m4 -mfloat-abi=softfp -mfpu=fpv4-sp-d16 -std=gnu11 -DUSE_STM32F4_DISCOVERY -DHSE_VALUE=8000000 -DSTM32F4XX -DUSE_STDPERIPH_DRIVER -I../src -I../Libraries/CMSIS/Include -I../Libraries/Device/STM32F4xx/Include -I../Libraries/STM32F4xx_StdPeriph_Driver/inc -I../Utilities/STM32F4-Discovery -I../FreeRTOS_Source/include -I../FreeRTOS_Source/portable/GCC/ARM_CM4F -O0 -ffunction-sections -fdata-sections -g -fstack-usage -Wall -specs=nano.specs -o Libraries\STM32F4xx_StdPeriph_Driver\src\stm32f4xx_dac.o 
arm-atollic-eabi-gcc -c ..\Libraries\STM32F4xx_StdPeriph_Driver\src\stm32f4xx_exti.c -mthumb -mcpu=cortex-m4 -mfloat-abi=softfp -mfpu=fpv4-sp-d16 -std=gnu11 -DUSE_STM32F4_DISCOVERY -DHSE_VALUE=8000000 -DSTM32F4XX -DUSE_STDPERIPH_DRIVER -I../src -I../Libraries/CMSIS/Include -I../Libraries/Device/STM32F4xx/Include -I../Libraries/STM32F4xx_StdPeriph_Driver/inc -I../Utilities/STM32F4-Discovery -I../FreeRTOS_Source/include -I../FreeRTOS_Source/portable/GCC/ARM_CM4F -O0 -ffunction-sections -fdata-sections -g -fstack-usage -Wall -specs=nano.specs -o Libraries\STM32F4xx_StdPeriph_Driver\src\stm32f4xx_exti.o 
arm-atollic-eabi-gcc -c ..\Utilities\STM32F4-Discovery\stm32f4_discovery_lis302dl.c -mthumb -mcpu=cortex-m4 -mfloat-abi=softfp -mfpu=fpv4-sp-d16 -std=gnu11 -DUSE_STM32F4_DISCOVERY -DHSE_VALUE=8000000 -DSTM32F4XX -DUSE_STDPERIPH_DRIVER -I../src -I../Libraries/CMSIS/Include -I../Libraries/Device/STM32F4xx/Include -I../Libraries/STM32F4xx_StdPeriph_Driver/inc -I../Utilities/STM32F4-Discovery -I../FreeRTOS_Source/include -I../FreeRTOS_Source/portable/GCC/ARM_CM4F -O0 -ffunction-sections -fdata-sections -g -fstack-usage -Wall -specs=nano.specs -o Utilities\STM32F4-Discovery\stm32f4_discovery_lis302dl.o 
arm-atollic-eabi-gcc -c ..\src\STM32F4-Discovery_callback.c -mthumb -mcpu=cortex-m4 -mfloat-abi=softfp -mfpu=fpv4-sp-d16 -std=gnu11 -DUSE_STM32F4_DISCOVERY -DHSE_VALUE=8000000 -DSTM32F4XX -DUSE_STDPERIPH_DRIVER -I../src -I../Libraries/CMSIS/Include -I../Libraries/Device/STM32F4xx/Include -I../Libraries/STM32F4xx_StdPeriph_Driver/inc -I../Utilities/STM32F4-Discovery -I../FreeRTOS_Source/include -I../FreeRTOS_Source/portable/GCC/ARM_CM4F -O0 -ffunction-sections -fdata-sections -g -fstack-usage -Wall -specs=nano.specs -o src\STM32F4-Discovery_callback.o 
arm-atollic-eabi-gcc -c ..\Libraries\STM32F4xx_StdPeriph_Driver\src\stm32f4xx_flash.c -mthumb -mcpu=cortex-m4 -mfloat-abi=softfp -mfpu=fpv4-sp-d16 -std=gnu11 -DUSE_STM32F4_DISCOVERY -DHSE_VALUE=8000000 -DSTM32F4XX -DUSE_STDPERIPH_DRIVER -I../src -I../Libraries/CMSIS/Include -I../Libraries/Device/STM32F4xx/Include -I../Libraries/STM32F4xx_StdPeriph_Driver/inc -I../Utilities/STM32F4-Discovery -I../FreeRTOS_Source/include -I../FreeRTOS_Source/portable/GCC/ARM_CM4F -O0 -ffunction-sections -fdata-sections -g -fstack-usage -Wall -specs=nano.specs -o Libraries\STM32F4xx_StdPeriph_Driver\src\stm32f4xx_flash.o 
arm-atollic-eabi-gcc -c ..\Libraries\STM32F4xx_StdPeriph_Driver\src\stm32f4xx_syscfg.c -mthumb -mcpu=cortex-m4 -mfloat-abi=softfp -mfpu=fpv4-sp-d16 -std=gnu11 -DUSE_STM32F4_DISCOVERY -DHSE_VALUE=8000000 -DSTM32F4XX -DUSE_STDPERIPH_DRIVER -I../src -I../Libraries/CMSIS/Include -I../Libraries/Device/STM32F4xx/Include -I../Libraries/STM32F4xx_StdPeriph_Driver/inc -I../Utilities/STM32F4-Discovery -I../FreeRTOS_Source/include -I../FreeRTOS_Source/portable/GCC/ARM_CM4F -O0 -ffunction-sections -fdata-sections -g -fstack-usage -Wall -specs=nano.specs -o Libraries\STM32F4xx_StdPeriph_Driver\src\stm32f4xx_syscfg.o 
arm-atollic-eabi-gcc -c ..\src\stm32f4xx_it.c -mthumb -mcpu=cortex-m4 -mfloat-abi=softfp -mfpu=fpv4-sp-d16 -std=gnu11 -DUSE_STM32F4_DISCOVERY -DHSE_VALUE=8000000 -DSTM32F4XX -DUSE_STDPERIPH_DRIVER -I../src -I../Libraries/CMSIS/Include -I../Libraries/Device/STM32F4xx/Include -I../Libraries/STM32F4xx_StdPeriph_Driver/inc -I../Utilities/STM32F4-Discovery -I../FreeRTOS_Source/include -I../FreeRTOS_Source/portable/GCC/ARM_CM4F -O0 -ffunction-sections -fdata-sections -g -fstack-usage -Wall -specs=nano.specs -o src\stm32f4xx_it.o 
arm-atollic-eabi-gcc -c ..\FreeRTOS_Source\portable\MemMang\heap_1.c -mthumb -mcpu=cortex-m4 -mfloat-abi=softfp -mfpu=fpv4-sp-d16 -std=gnu11 -DUSE_STM32F4_DISCOVERY -DHSE_VALUE=8000000 -DSTM32F4XX -DUSE_STDPERIPH_DRIVER -I../src -I../Libraries/CMSIS/Include -I../Libraries/Device/STM32F4xx/Include -I../Libraries/STM32F4xx_StdPeriph_Driver/inc -I../Utilities/STM32F4-Discovery -I../FreeRTOS_Source/include -I../FreeRTOS_Source/portable/GCC/ARM_CM4F -O0 -ffunction-sections -fdata-sections -g -fstack-usage -Wall -specs=nano.specs -o FreeRTOS_Source\portable\MemMang\heap_1.o 
arm-atollic-eabi-gcc -c ..\Libraries\STM32F4xx_StdPeriph_Driver\src\stm32f4xx_spi.c -mthumb -mcpu=cortex-m4 -mfloat-abi=softfp -mfpu=fpv4-sp-d16 -std=gnu11 -DUSE_STM32F4_DISCOVERY -DHSE_VALUE=8000000 -DSTM32F4XX -DUSE_STDPERIPH_DRIVER -I../src -I../Libraries/CMSIS/Include -I../Libraries/Device/STM32F4xx/Include -I../Libraries/STM32F4xx_StdPeriph_Driver/inc -I../Utilities/STM32F4-Discovery -I../FreeRTOS_Source/include -I../FreeRTOS_Source/portable/GCC/ARM_CM4F -O0 -ffunction-sections -fdata-sections -g -fstack-usage -Wall -specs=nano.specs -o Libraries\STM32F4xx_StdPeriph_Driver\src\stm32f4xx_spi.o 
arm-atollic-eabi-gcc -c ..\Utilities\STM32F4-Discovery\stm32f4_discovery.c -mthumb -mcpu=cortex-m4 -mfloat-abi=softfp -mfpu=fpv4-sp-d16 -std=gnu11 -DUSE_STM32F4_DISCOVERY -DHSE_VALUE=8000000 -DSTM32F4XX -DUSE_STDPERIPH_DRIVER -I../src -I../Libraries/CMSIS/Include -I../Libraries/Device/STM32F4xx/Include -I../Libraries/STM32F4xx_StdPeriph_Driver/inc -I../Utilities/STM32F4-Discovery -I../FreeRTOS_Source/include -I../FreeRTOS_Source/portable/GCC/ARM_CM4F -O0 -ffunction-sections -fdata-sections -g -fstack-usage -Wall -specs=nano.specs -o Utilities\STM32F4-Discovery\stm32f4_discovery.o 
arm-atollic-eabi-gcc -c ..\Libraries\STM32F4xx_StdPeriph_Driver\src\stm32f4xx_sdio.c -mthumb -mcpu=cortex-m4 -mfloat-abi=softfp -mfpu=fpv4-sp-d16 -std=gnu11 -DUSE_STM32F4_DISCOVERY -DHSE_VALUE=8000000 -DSTM32F4XX -DUSE_STDPERIPH_DRIVER -I../src -I../Libraries/CMSIS/Include -I../Libraries/Device/STM32F4xx/Include -I../Libraries/STM32F4xx_StdPeriph_Driver/inc -I../Utilities/STM32F4-Discovery -I../FreeRTOS_Source/include -I../FreeRTOS_Source/portable/GCC/ARM_CM4F -O0 -ffunction-sections -fdata-sections -g -fstack-usage -Wall -specs=nano.specs -o Libraries\STM32F4xx_StdPeriph_Driver\src\stm32f4xx_sdio.o 
arm-atollic-eabi-gcc -o STM32F4_Discovery_FreeRTOS_Simple_Demo.elf FreeRTOS_Source\croutine.o FreeRTOS_Source\event_groups.o FreeRTOS_Source\list.o FreeRTOS_Source\portable\GCC\ARM_CM4F\port.o FreeRTOS_Source\portable\MemMang\heap_1.o FreeRTOS_Source\queue.o FreeRTOS_Source\tasks.o FreeRTOS_Source\timers.o Libraries\STM32F4xx_StdPeriph_Driver\src\misc.o Libraries\STM32F4xx_StdPeriph_Driver\src\stm32f4xx_adc.o Libraries\STM32F4xx_StdPeriph_Driver\src\stm32f4xx_can.o Libraries\STM32F4xx_StdPeriph_Driver\src\stm32f4xx_crc.o Libraries\STM32F4xx_StdPeriph_Driver\src\stm32f4xx_cryp.o Libraries\STM32F4xx_StdPeriph_Driver\src\stm32f4xx_cryp_aes.o Libraries\STM32F4xx_StdPeriph_Driver\src\stm32f4xx_cryp_des.o Libraries\STM32F4xx_StdPeriph_Driver\src\stm32f4xx_cryp_tdes.o Libraries\STM32F4xx_StdPeriph_Driver\src\stm32f4xx_dac.o Libraries\STM32F4xx_StdPeriph_Driver\src\stm32f4xx_dbgmcu.o Libraries\STM32F4xx_StdPeriph_Driver\src\stm32f4xx_dcmi.o Libraries\STM32F4xx_StdPeriph_Driver\src\stm32f4xx_dma.o Libraries\STM32F4xx_StdPeriph_Driver\src\stm32f4xx_exti.o Libraries\STM32F4xx_StdPeriph_Driver\src\stm32f4xx_flash.o Libraries\STM32F4xx_StdPeriph_Driver\src\stm32f4xx_fsmc.o Libraries\STM32F4xx_StdPeriph_Driver\src\stm32f4xx_gpio.o Libraries\STM32F4xx_StdPeriph_Driver\src\stm32f4xx_hash.o Libraries\STM32F4xx_StdPeriph_Driver\src\stm32f4xx_hash_md5.o Libraries\STM32F4xx_StdPeriph_Driver\src\stm32f4xx_hash_sha1.o Libraries\STM32F4xx_StdPeriph_Driver\src\stm32f4xx_i2c.o Libraries\STM32F4xx_StdPeriph_Driver\src\stm32f4xx_iwdg.o Libraries\STM32F4xx_StdPeriph_Driver\src\stm32f4xx_pwr.o Libraries\STM32F4xx_StdPeriph_Driver\src\stm32f4xx_rcc.o Libraries\STM32F4xx_StdPeriph_Driver\src\stm32f4xx_rng.o Libraries\STM32F4xx_StdPeriph_Driver\src\stm32f4xx_rtc.o Libraries\STM32F4xx_StdPeriph_Driver\src\stm32f4xx_sdio.o Libraries\STM32F4xx_StdPeriph_Driver\src\stm32f4xx_spi.o Libraries\STM32F4xx_StdPeriph_Driver\src\stm32f4xx_syscfg.o Libraries\STM32F4xx_StdPeriph_Driver\src\stm32f4xx_tim.o Libraries\STM32F4xx_StdPeriph_Driver\src\stm32f4xx_usart.o Libraries\STM32F4xx_StdPeriph_Driver\src\stm32f4xx_wwdg.o Utilities\STM32F4-Discovery\stm32f4_discovery.o Utilities\STM32F4-Discovery\stm32f4_discovery_audio_codec.o Utilities\STM32F4-Discovery\stm32f4_discovery_lis302dl.o src\STM32F4-Discovery_callback.o src\main.o src\startup_stm32f4xx.o src\stm32f4xx_it.o src\syscalls.o src\system_stm32f4xx.o src\tiny_printf.o -lm -mthumb -mcpu=cortex-m4 -mfloat-abi=softfp -mfpu=fpv4-sp-d16 -T../stm32f4_flash.ld -specs=nosys.specs -static -Wl,-cref,-u,Reset_Handler -Wl,-Map=STM32F4_Discovery_FreeRTOS_Simple_Demo.map -Wl,--gc-sections -Wl,--defsym=malloc_getpagesize_P=0x80 -Wl,--start-group -lc -lm -Wl,--end-group -specs=nano.specs 
C:\Program Files (x86)\Atollic\TrueSTUDIO for STM32 9.1.0\ide\jre\bin\java -jar C:\Program Files (x86)\Atollic\TrueSTUDIO for STM32 9.1.0\Tools\arm-atollic-reports.jar sizeinfo list STM32F4_Discovery_FreeRTOS_Simple_Demo.elf 
Generate build reports...
Print size information
   text	   data	    bss	    dec	    hex	filename
   3888	     24	   1316	   5228	   146c	STM32F4_Discovery_FreeRTOS_Simple_Demo.elf
Print size information done
Generate listing file
Output sent to: STM32F4_Discovery_FreeRTOS_Simple_Demo.list
Generate listing file done
Generate build reports done
Info: Nothing to build for STM32F4_Discovery_FreeRTOS_Simple_Demo
20:40:56 **** Incremental Build of configuration Debug for project STM32F4_Discovery_FreeRTOS_Simple_Demo ****
Info: Internal Builder is used for build
arm-atollic-eabi-gcc -c ..\src\main.c -mthumb -mcpu=cortex-m4 -mfloat-abi=softfp -mfpu=fpv4-sp-d16 -std=gnu11 -DUSE_STM32F4_DISCOVERY -DHSE_VALUE=8000000 -DSTM32F4XX -DUSE_STDPERIPH_DRIVER -I../src -I../Libraries/CMSIS/Include -I../Libraries/Device/STM32F4xx/Include -I../Libraries/STM32F4xx_StdPeriph_Driver/inc -I../Utilities/STM32F4-Discovery -I../FreeRTOS_Source/include -I../FreeRTOS_Source/portable/GCC/ARM_CM4F -O0 -ffunction-sections -fdata-sections -g -fstack-usage -Wall -specs=nano.specs -o src\main.o 
arm-atollic-eabi-gcc -o STM32F4_Discovery_FreeRTOS_Simple_Demo.elf FreeRTOS_Source\croutine.o FreeRTOS_Source\event_groups.o FreeRTOS_Source\list.o FreeRTOS_Source\portable\GCC\ARM_CM4F\port.o FreeRTOS_Source\portable\MemMang\heap_1.o FreeRTOS_Source\queue.o FreeRTOS_Source\tasks.o FreeRTOS_Source\timers.o Libraries\STM32F4xx_StdPeriph_Driver\src\misc.o Libraries\STM32F4xx_StdPeriph_Driver\src\stm32f4xx_adc.o Libraries\STM32F4xx_StdPeriph_Driver\src\stm32f4xx_can.o Libraries\STM32F4xx_StdPeriph_Driver\src\stm32f4xx_crc.o Libraries\STM32F4xx_StdPeriph_Driver\src\stm32f4xx_cryp.o Libraries\STM32F4xx_StdPeriph_Driver\src\stm32f4xx_cryp_aes.o Libraries\STM32F4xx_StdPeriph_Driver\src\stm32f4xx_cryp_des.o Libraries\STM32F4xx_StdPeriph_Driver\src\stm32f4xx_cryp_tdes.o Libraries\STM32F4xx_StdPeriph_Driver\src\stm32f4xx_dac.o Libraries\STM32F4xx_StdPeriph_Driver\src\stm32f4xx_dbgmcu.o Libraries\STM32F4xx_StdPeriph_Driver\src\stm32f4xx_dcmi.o Libraries\STM32F4xx_StdPeriph_Driver\src\stm32f4xx_dma.o Libraries\STM32F4xx_StdPeriph_Driver\src\stm32f4xx_exti.o Libraries\STM32F4xx_StdPeriph_Driver\src\stm32f4xx_flash.o Libraries\STM32F4xx_StdPeriph_Driver\src\stm32f4xx_fsmc.o Libraries\STM32F4xx_StdPeriph_Driver\src\stm32f4xx_gpio.o Libraries\STM32F4xx_StdPeriph_Driver\src\stm32f4xx_hash.o Libraries\STM32F4xx_StdPeriph_Driver\src\stm32f4xx_hash_md5.o Libraries\STM32F4xx_StdPeriph_Driver\src\stm32f4xx_hash_sha1.o Libraries\STM32F4xx_StdPeriph_Driver\src\stm32f4xx_i2c.o Libraries\STM32F4xx_StdPeriph_Driver\src\stm32f4xx_iwdg.o Libraries\STM32F4xx_StdPeriph_Driver\src\stm32f4xx_pwr.o Libraries\STM32F4xx_StdPeriph_Driver\src\stm32f4xx_rcc.o Libraries\STM32F4xx_StdPeriph_Driver\src\stm32f4xx_rng.o Libraries\STM32F4xx_StdPeriph_Driver\src\stm32f4xx_rtc.o Libraries\STM32F4xx_StdPeriph_Driver\src\stm32f4xx_sdio.o Libraries\STM32F4xx_StdPeriph_Driver\src\stm32f4xx_spi.o Libraries\STM32F4xx_StdPeriph_Driver\src\stm32f4xx_syscfg.o Libraries\STM32F4xx_StdPeriph_Driver\src\stm32f4xx_tim.o Libraries\STM32F4xx_StdPeriph_Driver\src\stm32f4xx_usart.o Libraries\STM32F4xx_StdPeriph_Driver\src\stm32f4xx_wwdg.o Utilities\STM32F4-Discovery\stm32f4_discovery.o Utilities\STM32F4-Discovery\stm32f4_discovery_audio_codec.o Utilities\STM32F4-Discovery\stm32f4_discovery_lis302dl.o src\STM32F4-Discovery_callback.o src\main.o src\startup_stm32f4xx.o src\stm32f4xx_it.o src\syscalls.o src\system_stm32f4xx.o src\tiny_printf.o -lm -mthumb -mcpu=cortex-m4 -mfloat-abi=softfp -mfpu=fpv4-sp-d16 -T../stm32f4_flash.ld -specs=nosys.specs -static -Wl,-cref,-u,Reset_Handler -Wl,-Map=STM32F4_Discovery_FreeRTOS_Simple_Demo.map -Wl,--gc-sections -Wl,--defsym=malloc_getpagesize_P=0x80 -Wl,--start-group -lc -lm -Wl,--end-group -specs=nano.specs 
C:\Program Files (x86)\Atollic\TrueSTUDIO for STM32 9.1.0\ide\jre\bin\java -jar C:\Program Files (x86)\Atollic\TrueSTUDIO for STM32 9.1.0\Tools\arm-atollic-reports.jar sizeinfo list STM32F4_Discovery_FreeRTOS_Simple_Demo.elf 
Generate build reports...
Print size information
   text	   data	    bss	    dec	    hex	filename
   3892	     24	   1316	   5232	   1470	STM32F4_Discovery_FreeRTOS_Simple_Demo.elf
Print size information done
Generate listing file
Output sent to: STM32F4_Discovery_FreeRTOS_Simple_Demo.list
Generate listing file done
Generate build reports done
20:43:33 **** Incremental Build of configuration Debug for project STM32F4_Discovery_FreeRTOS_Simple_Demo ****
Info: Internal Builder is used for build
arm-atollic-eabi-gcc -c ..\src\main.c -mthumb -mcpu=cortex-m4 -mfloat-abi=softfp -mfpu=fpv4-sp-d16 -std=gnu11 -DUSE_STM32F4_DISCOVERY -DHSE_VALUE=8000000 -DSTM32F4XX -DUSE_STDPERIPH_DRIVER -I../src -I../Libraries/CMSIS/Include -I../Libraries/Device/STM32F4xx/Include -I../Libraries/STM32F4xx_StdPeriph_Driver/inc -I../Utilities/STM32F4-Discovery -I../FreeRTOS_Source/include -I../FreeRTOS_Source/portable/GCC/ARM_CM4F -O0 -ffunction-sections -fdata-sections -g -fstack-usage -Wall -specs=nano.specs -o src\main.o 
arm-atollic-eabi-gcc -o STM32F4_Discovery_FreeRTOS_Simple_Demo.elf FreeRTOS_Source\croutine.o FreeRTOS_Source\event_groups.o FreeRTOS_Source\list.o FreeRTOS_Source\portable\GCC\ARM_CM4F\port.o FreeRTOS_Source\portable\MemMang\heap_1.o FreeRTOS_Source\queue.o FreeRTOS_Source\tasks.o FreeRTOS_Source\timers.o Libraries\STM32F4xx_StdPeriph_Driver\src\misc.o Libraries\STM32F4xx_StdPeriph_Driver\src\stm32f4xx_adc.o Libraries\STM32F4xx_StdPeriph_Driver\src\stm32f4xx_can.o Libraries\STM32F4xx_StdPeriph_Driver\src\stm32f4xx_crc.o Libraries\STM32F4xx_StdPeriph_Driver\src\stm32f4xx_cryp.o Libraries\STM32F4xx_StdPeriph_Driver\src\stm32f4xx_cryp_aes.o Libraries\STM32F4xx_StdPeriph_Driver\src\stm32f4xx_cryp_des.o Libraries\STM32F4xx_StdPeriph_Driver\src\stm32f4xx_cryp_tdes.o Libraries\STM32F4xx_StdPeriph_Driver\src\stm32f4xx_dac.o Libraries\STM32F4xx_StdPeriph_Driver\src\stm32f4xx_dbgmcu.o Libraries\STM32F4xx_StdPeriph_Driver\src\stm32f4xx_dcmi.o Libraries\STM32F4xx_StdPeriph_Driver\src\stm32f4xx_dma.o Libraries\STM32F4xx_StdPeriph_Driver\src\stm32f4xx_exti.o Libraries\STM32F4xx_StdPeriph_Driver\src\stm32f4xx_flash.o Libraries\STM32F4xx_StdPeriph_Driver\src\stm32f4xx_fsmc.o Libraries\STM32F4xx_StdPeriph_Driver\src\stm32f4xx_gpio.o Libraries\STM32F4xx_StdPeriph_Driver\src\stm32f4xx_hash.o Libraries\STM32F4xx_StdPeriph_Driver\src\stm32f4xx_hash_md5.o Libraries\STM32F4xx_StdPeriph_Driver\src\stm32f4xx_hash_sha1.o Libraries\STM32F4xx_StdPeriph_Driver\src\stm32f4xx_i2c.o Libraries\STM32F4xx_StdPeriph_Driver\src\stm32f4xx_iwdg.o Libraries\STM32F4xx_StdPeriph_Driver\src\stm32f4xx_pwr.o Libraries\STM32F4xx_StdPeriph_Driver\src\stm32f4xx_rcc.o Libraries\STM32F4xx_StdPeriph_Driver\src\stm32f4xx_rng.o Libraries\STM32F4xx_StdPeriph_Driver\src\stm32f4xx_rtc.o Libraries\STM32F4xx_StdPeriph_Driver\src\stm32f4xx_sdio.o Libraries\STM32F4xx_StdPeriph_Driver\src\stm32f4xx_spi.o Libraries\STM32F4xx_StdPeriph_Driver\src\stm32f4xx_syscfg.o Libraries\STM32F4xx_StdPeriph_Driver\src\stm32f4xx_tim.o Libraries\STM32F4xx_StdPeriph_Driver\src\stm32f4xx_usart.o Libraries\STM32F4xx_StdPeriph_Driver\src\stm32f4xx_wwdg.o Utilities\STM32F4-Discovery\stm32f4_discovery.o Utilities\STM32F4-Discovery\stm32f4_discovery_audio_codec.o Utilities\STM32F4-Discovery\stm32f4_discovery_lis302dl.o src\STM32F4-Discovery_callback.o src\main.o src\startup_stm32f4xx.o src\stm32f4xx_it.o src\syscalls.o src\system_stm32f4xx.o src\tiny_printf.o -lm -mthumb -mcpu=cortex-m4 -mfloat-abi=softfp -mfpu=fpv4-sp-d16 -T../stm32f4_flash.ld -specs=nosys.specs -static -Wl,-cref,-u,Reset_Handler -Wl,-Map=STM32F4_Discovery_FreeRTOS_Simple_Demo.map -Wl,--gc-sections -Wl,--defsym=malloc_getpagesize_P=0x80 -Wl,--start-group -lc -lm -Wl,--end-group -specs=nano.specs 
C:\Program Files (x86)\Atollic\TrueSTUDIO for STM32 9.1.0\ide\jre\bin\java -jar C:\Program Files (x86)\Atollic\TrueSTUDIO for STM32 9.1.0\Tools\arm-atollic-reports.jar sizeinfo list STM32F4_Discovery_FreeRTOS_Simple_Demo.elf 
Generate build reports...
Print size information
   text	   data	    bss	    dec	    hex	filename
   4020	     24	   1316	   5360	   14f0	STM32F4_Discovery_FreeRTOS_Simple_Demo.elf
Print size information done
Generate listing file
Output sent to: STM32F4_Discovery_FreeRTOS_Simple_Demo.list
Generate listing file done
Generate build reports done
20:49:02 **** Incremental Build of configuration Debug for project STM32F4_Discovery_FreeRTOS_Simple_Demo ****
Info: Internal Builder is used for build
arm-atollic-eabi-gcc -c ..\src\main.c -mthumb -mcpu=cortex-m4 -mfloat-abi=softfp -mfpu=fpv4-sp-d16 -std=gnu11 -DUSE_STM32F4_DISCOVERY -DHSE_VALUE=8000000 -DSTM32F4XX -DUSE_STDPERIPH_DRIVER -I../src -I../Libraries/CMSIS/Include -I../Libraries/Device/STM32F4xx/Include -I../Libraries/STM32F4xx_StdPeriph_Driver/inc -I../Utilities/STM32F4-Discovery -I../FreeRTOS_Source/include -I../FreeRTOS_Source/portable/GCC/ARM_CM4F -O0 -ffunction-sections -fdata-sections -g -fstack-usage -Wall -specs=nano.specs -o src\main.o 
..\src\main.c:381:6: error: conflicting types for 'ShiftRegisterValuePreLight'
 void ShiftRegisterValuePreLight(uint32_t value)
      ^~~~~~~~~~~~~~~~~~~~~~~~~~
..\src\main.c:211:6: note: previous declaration of 'ShiftRegisterValuePreLight' was here
 void ShiftRegisterValuePreLight( uint16_t value );
      ^~~~~~~~~~~~~~~~~~~~~~~~~~
20:52:13 **** Incremental Build of configuration Debug for project STM32F4_Discovery_FreeRTOS_Simple_Demo ****
Info: Internal Builder is used for build
arm-atollic-eabi-gcc -c ..\src\main.c -mthumb -mcpu=cortex-m4 -mfloat-abi=softfp -mfpu=fpv4-sp-d16 -std=gnu11 -DUSE_STM32F4_DISCOVERY -DHSE_VALUE=8000000 -DSTM32F4XX -DUSE_STDPERIPH_DRIVER -I../src -I../Libraries/CMSIS/Include -I../Libraries/Device/STM32F4xx/Include -I../Libraries/STM32F4xx_StdPeriph_Driver/inc -I../Utilities/STM32F4-Discovery -I../FreeRTOS_Source/include -I../FreeRTOS_Source/portable/GCC/ARM_CM4F -O0 -ffunction-sections -fdata-sections -g -fstack-usage -Wall -specs=nano.specs -o src\main.o 
..\src\main.c:369:6: error: conflicting types for 'ShiftRegisterValuePreLight'
 void ShiftRegisterValuePreLight(uint32_t value)
      ^~~~~~~~~~~~~~~~~~~~~~~~~~
..\src\main.c:211:6: note: previous declaration of 'ShiftRegisterValuePreLight' was here
 void ShiftRegisterValuePreLight( uint16_t value );
      ^~~~~~~~~~~~~~~~~~~~~~~~~~
20:53:48 **** Incremental Build of configuration Debug for project STM32F4_Discovery_FreeRTOS_Simple_Demo ****
Info: Internal Builder is used for build
arm-atollic-eabi-gcc -c ..\src\main.c -mthumb -mcpu=cortex-m4 -mfloat-abi=softfp -mfpu=fpv4-sp-d16 -std=gnu11 -DUSE_STM32F4_DISCOVERY -DHSE_VALUE=8000000 -DSTM32F4XX -DUSE_STDPERIPH_DRIVER -I../src -I../Libraries/CMSIS/Include -I../Libraries/Device/STM32F4xx/Include -I../Libraries/STM32F4xx_StdPeriph_Driver/inc -I../Utilities/STM32F4-Discovery -I../FreeRTOS_Source/include -I../FreeRTOS_Source/portable/GCC/ARM_CM4F -O0 -ffunction-sections -fdata-sections -g -fstack-usage -Wall -specs=nano.specs -o src\main.o 
..\src\main.c:369:6: error: conflicting types for 'ShiftRegisterValuePreLight'
 void ShiftRegisterValuePreLight(uint32_t value)
      ^~~~~~~~~~~~~~~~~~~~~~~~~~
..\src\main.c:211:6: note: previous declaration of 'ShiftRegisterValuePreLight' was here
 void ShiftRegisterValuePreLight( uint16_t value );
      ^~~~~~~~~~~~~~~~~~~~~~~~~~
20:53:52 **** Incremental Build of configuration Debug for project STM32F4_Discovery_FreeRTOS_Simple_Demo ****
Info: Internal Builder is used for build
arm-atollic-eabi-gcc -c ..\src\main.c -mthumb -mcpu=cortex-m4 -mfloat-abi=softfp -mfpu=fpv4-sp-d16 -std=gnu11 -DUSE_STM32F4_DISCOVERY -DHSE_VALUE=8000000 -DSTM32F4XX -DUSE_STDPERIPH_DRIVER -I../src -I../Libraries/CMSIS/Include -I../Libraries/Device/STM32F4xx/Include -I../Libraries/STM32F4xx_StdPeriph_Driver/inc -I../Utilities/STM32F4-Discovery -I../FreeRTOS_Source/include -I../FreeRTOS_Source/portable/GCC/ARM_CM4F -O0 -ffunction-sections -fdata-sections -g -fstack-usage -Wall -specs=nano.specs -o src\main.o 
..\src\main.c:369:6: error: conflicting types for 'ShiftRegisterValuePreLight'
 void ShiftRegisterValuePreLight(uint32_t value)
      ^~~~~~~~~~~~~~~~~~~~~~~~~~
..\src\main.c:211:6: note: previous declaration of 'ShiftRegisterValuePreLight' was here
 void ShiftRegisterValuePreLight( uint16_t value );
      ^~~~~~~~~~~~~~~~~~~~~~~~~~
20:55:14 **** Incremental Build of configuration Debug for project STM32F4_Discovery_FreeRTOS_Simple_Demo ****
Info: Internal Builder is used for build
arm-atollic-eabi-gcc -c ..\src\main.c -mthumb -mcpu=cortex-m4 -mfloat-abi=softfp -mfpu=fpv4-sp-d16 -std=gnu11 -DUSE_STM32F4_DISCOVERY -DHSE_VALUE=8000000 -DSTM32F4XX -DUSE_STDPERIPH_DRIVER -I../src -I../Libraries/CMSIS/Include -I../Libraries/Device/STM32F4xx/Include -I../Libraries/STM32F4xx_StdPeriph_Driver/inc -I../Utilities/STM32F4-Discovery -I../FreeRTOS_Source/include -I../FreeRTOS_Source/portable/GCC/ARM_CM4F -O0 -ffunction-sections -fdata-sections -g -fstack-usage -Wall -specs=nano.specs -o src\main.o 
..\src\main.c:369:6: error: conflicting types for 'ShiftRegisterValuePreLight'
 void ShiftRegisterValuePreLight(uint32_t value)
      ^~~~~~~~~~~~~~~~~~~~~~~~~~
..\src\main.c:211:6: note: previous declaration of 'ShiftRegisterValuePreLight' was here
 void ShiftRegisterValuePreLight( uint16_t value );
      ^~~~~~~~~~~~~~~~~~~~~~~~~~
20:57:21 **** Incremental Build of configuration Debug for project STM32F4_Discovery_FreeRTOS_Simple_Demo ****
Info: Internal Builder is used for build
arm-atollic-eabi-gcc -c ..\src\main.c -mthumb -mcpu=cortex-m4 -mfloat-abi=softfp -mfpu=fpv4-sp-d16 -std=gnu11 -DUSE_STM32F4_DISCOVERY -DHSE_VALUE=8000000 -DSTM32F4XX -DUSE_STDPERIPH_DRIVER -I../src -I../Libraries/CMSIS/Include -I../Libraries/Device/STM32F4xx/Include -I../Libraries/STM32F4xx_StdPeriph_Driver/inc -I../Utilities/STM32F4-Discovery -I../FreeRTOS_Source/include -I../FreeRTOS_Source/portable/GCC/ARM_CM4F -O0 -ffunction-sections -fdata-sections -g -fstack-usage -Wall -specs=nano.specs -o src\main.o 
arm-atollic-eabi-gcc -o STM32F4_Discovery_FreeRTOS_Simple_Demo.elf FreeRTOS_Source\croutine.o FreeRTOS_Source\event_groups.o FreeRTOS_Source\list.o FreeRTOS_Source\portable\GCC\ARM_CM4F\port.o FreeRTOS_Source\portable\MemMang\heap_1.o FreeRTOS_Source\queue.o FreeRTOS_Source\tasks.o FreeRTOS_Source\timers.o Libraries\STM32F4xx_StdPeriph_Driver\src\misc.o Libraries\STM32F4xx_StdPeriph_Driver\src\stm32f4xx_adc.o Libraries\STM32F4xx_StdPeriph_Driver\src\stm32f4xx_can.o Libraries\STM32F4xx_StdPeriph_Driver\src\stm32f4xx_crc.o Libraries\STM32F4xx_StdPeriph_Driver\src\stm32f4xx_cryp.o Libraries\STM32F4xx_StdPeriph_Driver\src\stm32f4xx_cryp_aes.o Libraries\STM32F4xx_StdPeriph_Driver\src\stm32f4xx_cryp_des.o Libraries\STM32F4xx_StdPeriph_Driver\src\stm32f4xx_cryp_tdes.o Libraries\STM32F4xx_StdPeriph_Driver\src\stm32f4xx_dac.o Libraries\STM32F4xx_StdPeriph_Driver\src\stm32f4xx_dbgmcu.o Libraries\STM32F4xx_StdPeriph_Driver\src\stm32f4xx_dcmi.o Libraries\STM32F4xx_StdPeriph_Driver\src\stm32f4xx_dma.o Libraries\STM32F4xx_StdPeriph_Driver\src\stm32f4xx_exti.o Libraries\STM32F4xx_StdPeriph_Driver\src\stm32f4xx_flash.o Libraries\STM32F4xx_StdPeriph_Driver\src\stm32f4xx_fsmc.o Libraries\STM32F4xx_StdPeriph_Driver\src\stm32f4xx_gpio.o Libraries\STM32F4xx_StdPeriph_Driver\src\stm32f4xx_hash.o Libraries\STM32F4xx_StdPeriph_Driver\src\stm32f4xx_hash_md5.o Libraries\STM32F4xx_StdPeriph_Driver\src\stm32f4xx_hash_sha1.o Libraries\STM32F4xx_StdPeriph_Driver\src\stm32f4xx_i2c.o Libraries\STM32F4xx_StdPeriph_Driver\src\stm32f4xx_iwdg.o Libraries\STM32F4xx_StdPeriph_Driver\src\stm32f4xx_pwr.o Libraries\STM32F4xx_StdPeriph_Driver\src\stm32f4xx_rcc.o Libraries\STM32F4xx_StdPeriph_Driver\src\stm32f4xx_rng.o Libraries\STM32F4xx_StdPeriph_Driver\src\stm32f4xx_rtc.o Libraries\STM32F4xx_StdPeriph_Driver\src\stm32f4xx_sdio.o Libraries\STM32F4xx_StdPeriph_Driver\src\stm32f4xx_spi.o Libraries\STM32F4xx_StdPeriph_Driver\src\stm32f4xx_syscfg.o Libraries\STM32F4xx_StdPeriph_Driver\src\stm32f4xx_tim.o Libraries\STM32F4xx_StdPeriph_Driver\src\stm32f4xx_usart.o Libraries\STM32F4xx_StdPeriph_Driver\src\stm32f4xx_wwdg.o Utilities\STM32F4-Discovery\stm32f4_discovery.o Utilities\STM32F4-Discovery\stm32f4_discovery_audio_codec.o Utilities\STM32F4-Discovery\stm32f4_discovery_lis302dl.o src\STM32F4-Discovery_callback.o src\main.o src\startup_stm32f4xx.o src\stm32f4xx_it.o src\syscalls.o src\system_stm32f4xx.o src\tiny_printf.o -lm -mthumb -mcpu=cortex-m4 -mfloat-abi=softfp -mfpu=fpv4-sp-d16 -T../stm32f4_flash.ld -specs=nosys.specs -static -Wl,-cref,-u,Reset_Handler -Wl,-Map=STM32F4_Discovery_FreeRTOS_Simple_Demo.map -Wl,--gc-sections -Wl,--defsym=malloc_getpagesize_P=0x80 -Wl,--start-group -lc -lm -Wl,--end-group -specs=nano.specs 
C:\Program Files (x86)\Atollic\TrueSTUDIO for STM32 9.1.0\ide\jre\bin\java -jar C:\Program Files (x86)\Atollic\TrueSTUDIO for STM32 9.1.0\Tools\arm-atollic-reports.jar sizeinfo list STM32F4_Discovery_FreeRTOS_Simple_Demo.elf 
Generate build reports...
Print size information
   text	   data	    bss	    dec	    hex	filename
   3920	     24	   1316	   5260	   148c	STM32F4_Discovery_FreeRTOS_Simple_Demo.elf
Print size information done
Generate listing file
Output sent to: STM32F4_Discovery_FreeRTOS_Simple_Demo.list
Generate listing file done
Generate build reports done
20:59:44 **** Incremental Build of configuration Debug for project STM32F4_Discovery_FreeRTOS_Simple_Demo ****
Info: Internal Builder is used for build
arm-atollic-eabi-gcc -c ..\src\main.c -mthumb -mcpu=cortex-m4 -mfloat-abi=softfp -mfpu=fpv4-sp-d16 -std=gnu11 -DUSE_STM32F4_DISCOVERY -DHSE_VALUE=8000000 -DSTM32F4XX -DUSE_STDPERIPH_DRIVER -I../src -I../Libraries/CMSIS/Include -I../Libraries/Device/STM32F4xx/Include -I../Libraries/STM32F4xx_StdPeriph_Driver/inc -I../Utilities/STM32F4-Discovery -I../FreeRTOS_Source/include -I../FreeRTOS_Source/portable/GCC/ARM_CM4F -O0 -ffunction-sections -fdata-sections -g -fstack-usage -Wall -specs=nano.specs -o src\main.o 
arm-atollic-eabi-gcc -o STM32F4_Discovery_FreeRTOS_Simple_Demo.elf FreeRTOS_Source\croutine.o FreeRTOS_Source\event_groups.o FreeRTOS_Source\list.o FreeRTOS_Source\portable\GCC\ARM_CM4F\port.o FreeRTOS_Source\portable\MemMang\heap_1.o FreeRTOS_Source\queue.o FreeRTOS_Source\tasks.o FreeRTOS_Source\timers.o Libraries\STM32F4xx_StdPeriph_Driver\src\misc.o Libraries\STM32F4xx_StdPeriph_Driver\src\stm32f4xx_adc.o Libraries\STM32F4xx_StdPeriph_Driver\src\stm32f4xx_can.o Libraries\STM32F4xx_StdPeriph_Driver\src\stm32f4xx_crc.o Libraries\STM32F4xx_StdPeriph_Driver\src\stm32f4xx_cryp.o Libraries\STM32F4xx_StdPeriph_Driver\src\stm32f4xx_cryp_aes.o Libraries\STM32F4xx_StdPeriph_Driver\src\stm32f4xx_cryp_des.o Libraries\STM32F4xx_StdPeriph_Driver\src\stm32f4xx_cryp_tdes.o Libraries\STM32F4xx_StdPeriph_Driver\src\stm32f4xx_dac.o Libraries\STM32F4xx_StdPeriph_Driver\src\stm32f4xx_dbgmcu.o Libraries\STM32F4xx_StdPeriph_Driver\src\stm32f4xx_dcmi.o Libraries\STM32F4xx_StdPeriph_Driver\src\stm32f4xx_dma.o Libraries\STM32F4xx_StdPeriph_Driver\src\stm32f4xx_exti.o Libraries\STM32F4xx_StdPeriph_Driver\src\stm32f4xx_flash.o Libraries\STM32F4xx_StdPeriph_Driver\src\stm32f4xx_fsmc.o Libraries\STM32F4xx_StdPeriph_Driver\src\stm32f4xx_gpio.o Libraries\STM32F4xx_StdPeriph_Driver\src\stm32f4xx_hash.o Libraries\STM32F4xx_StdPeriph_Driver\src\stm32f4xx_hash_md5.o Libraries\STM32F4xx_StdPeriph_Driver\src\stm32f4xx_hash_sha1.o Libraries\STM32F4xx_StdPeriph_Driver\src\stm32f4xx_i2c.o Libraries\STM32F4xx_StdPeriph_Driver\src\stm32f4xx_iwdg.o Libraries\STM32F4xx_StdPeriph_Driver\src\stm32f4xx_pwr.o Libraries\STM32F4xx_StdPeriph_Driver\src\stm32f4xx_rcc.o Libraries\STM32F4xx_StdPeriph_Driver\src\stm32f4xx_rng.o Libraries\STM32F4xx_StdPeriph_Driver\src\stm32f4xx_rtc.o Libraries\STM32F4xx_StdPeriph_Driver\src\stm32f4xx_sdio.o Libraries\STM32F4xx_StdPeriph_Driver\src\stm32f4xx_spi.o Libraries\STM32F4xx_StdPeriph_Driver\src\stm32f4xx_syscfg.o Libraries\STM32F4xx_StdPeriph_Driver\src\stm32f4xx_tim.o Libraries\STM32F4xx_StdPeriph_Driver\src\stm32f4xx_usart.o Libraries\STM32F4xx_StdPeriph_Driver\src\stm32f4xx_wwdg.o Utilities\STM32F4-Discovery\stm32f4_discovery.o Utilities\STM32F4-Discovery\stm32f4_discovery_audio_codec.o Utilities\STM32F4-Discovery\stm32f4_discovery_lis302dl.o src\STM32F4-Discovery_callback.o src\main.o src\startup_stm32f4xx.o src\stm32f4xx_it.o src\syscalls.o src\system_stm32f4xx.o src\tiny_printf.o -lm -mthumb -mcpu=cortex-m4 -mfloat-abi=softfp -mfpu=fpv4-sp-d16 -T../stm32f4_flash.ld -specs=nosys.specs -static -Wl,-cref,-u,Reset_Handler -Wl,-Map=STM32F4_Discovery_FreeRTOS_Simple_Demo.map -Wl,--gc-sections -Wl,--defsym=malloc_getpagesize_P=0x80 -Wl,--start-group -lc -lm -Wl,--end-group -specs=nano.specs 
C:\Program Files (x86)\Atollic\TrueSTUDIO for STM32 9.1.0\ide\jre\bin\java -jar C:\Program Files (x86)\Atollic\TrueSTUDIO for STM32 9.1.0\Tools\arm-atollic-reports.jar sizeinfo list STM32F4_Discovery_FreeRTOS_Simple_Demo.elf 
Generate build reports...
Print size information
   text	   data	    bss	    dec	    hex	filename
   3904	     24	   1316	   5244	   147c	STM32F4_Discovery_FreeRTOS_Simple_Demo.elf
Print size information done
Generate listing file
Output sent to: STM32F4_Discovery_FreeRTOS_Simple_Demo.list
Generate listing file done
Generate build reports done
21:00:28 **** Incremental Build of configuration Debug for project STM32F4_Discovery_FreeRTOS_Simple_Demo ****
Info: Internal Builder is used for build
arm-atollic-eabi-gcc -c ..\src\main.c -mthumb -mcpu=cortex-m4 -mfloat-abi=softfp -mfpu=fpv4-sp-d16 -std=gnu11 -DUSE_STM32F4_DISCOVERY -DHSE_VALUE=8000000 -DSTM32F4XX -DUSE_STDPERIPH_DRIVER -I../src -I../Libraries/CMSIS/Include -I../Libraries/Device/STM32F4xx/Include -I../Libraries/STM32F4xx_StdPeriph_Driver/inc -I../Utilities/STM32F4-Discovery -I../FreeRTOS_Source/include -I../FreeRTOS_Source/portable/GCC/ARM_CM4F -O0 -ffunction-sections -fdata-sections -g -fstack-usage -Wall -specs=nano.specs -o src\main.o 
arm-atollic-eabi-gcc -o STM32F4_Discovery_FreeRTOS_Simple_Demo.elf FreeRTOS_Source\croutine.o FreeRTOS_Source\event_groups.o FreeRTOS_Source\list.o FreeRTOS_Source\portable\GCC\ARM_CM4F\port.o FreeRTOS_Source\portable\MemMang\heap_1.o FreeRTOS_Source\queue.o FreeRTOS_Source\tasks.o FreeRTOS_Source\timers.o Libraries\STM32F4xx_StdPeriph_Driver\src\misc.o Libraries\STM32F4xx_StdPeriph_Driver\src\stm32f4xx_adc.o Libraries\STM32F4xx_StdPeriph_Driver\src\stm32f4xx_can.o Libraries\STM32F4xx_StdPeriph_Driver\src\stm32f4xx_crc.o Libraries\STM32F4xx_StdPeriph_Driver\src\stm32f4xx_cryp.o Libraries\STM32F4xx_StdPeriph_Driver\src\stm32f4xx_cryp_aes.o Libraries\STM32F4xx_StdPeriph_Driver\src\stm32f4xx_cryp_des.o Libraries\STM32F4xx_StdPeriph_Driver\src\stm32f4xx_cryp_tdes.o Libraries\STM32F4xx_StdPeriph_Driver\src\stm32f4xx_dac.o Libraries\STM32F4xx_StdPeriph_Driver\src\stm32f4xx_dbgmcu.o Libraries\STM32F4xx_StdPeriph_Driver\src\stm32f4xx_dcmi.o Libraries\STM32F4xx_StdPeriph_Driver\src\stm32f4xx_dma.o Libraries\STM32F4xx_StdPeriph_Driver\src\stm32f4xx_exti.o Libraries\STM32F4xx_StdPeriph_Driver\src\stm32f4xx_flash.o Libraries\STM32F4xx_StdPeriph_Driver\src\stm32f4xx_fsmc.o Libraries\STM32F4xx_StdPeriph_Driver\src\stm32f4xx_gpio.o Libraries\STM32F4xx_StdPeriph_Driver\src\stm32f4xx_hash.o Libraries\STM32F4xx_StdPeriph_Driver\src\stm32f4xx_hash_md5.o Libraries\STM32F4xx_StdPeriph_Driver\src\stm32f4xx_hash_sha1.o Libraries\STM32F4xx_StdPeriph_Driver\src\stm32f4xx_i2c.o Libraries\STM32F4xx_StdPeriph_Driver\src\stm32f4xx_iwdg.o Libraries\STM32F4xx_StdPeriph_Driver\src\stm32f4xx_pwr.o Libraries\STM32F4xx_StdPeriph_Driver\src\stm32f4xx_rcc.o Libraries\STM32F4xx_StdPeriph_Driver\src\stm32f4xx_rng.o Libraries\STM32F4xx_StdPeriph_Driver\src\stm32f4xx_rtc.o Libraries\STM32F4xx_StdPeriph_Driver\src\stm32f4xx_sdio.o Libraries\STM32F4xx_StdPeriph_Driver\src\stm32f4xx_spi.o Libraries\STM32F4xx_StdPeriph_Driver\src\stm32f4xx_syscfg.o Libraries\STM32F4xx_StdPeriph_Driver\src\stm32f4xx_tim.o Libraries\STM32F4xx_StdPeriph_Driver\src\stm32f4xx_usart.o Libraries\STM32F4xx_StdPeriph_Driver\src\stm32f4xx_wwdg.o Utilities\STM32F4-Discovery\stm32f4_discovery.o Utilities\STM32F4-Discovery\stm32f4_discovery_audio_codec.o Utilities\STM32F4-Discovery\stm32f4_discovery_lis302dl.o src\STM32F4-Discovery_callback.o src\main.o src\startup_stm32f4xx.o src\stm32f4xx_it.o src\syscalls.o src\system_stm32f4xx.o src\tiny_printf.o -lm -mthumb -mcpu=cortex-m4 -mfloat-abi=softfp -mfpu=fpv4-sp-d16 -T../stm32f4_flash.ld -specs=nosys.specs -static -Wl,-cref,-u,Reset_Handler -Wl,-Map=STM32F4_Discovery_FreeRTOS_Simple_Demo.map -Wl,--gc-sections -Wl,--defsym=malloc_getpagesize_P=0x80 -Wl,--start-group -lc -lm -Wl,--end-group -specs=nano.specs 
C:\Program Files (x86)\Atollic\TrueSTUDIO for STM32 9.1.0\ide\jre\bin\java -jar C:\Program Files (x86)\Atollic\TrueSTUDIO for STM32 9.1.0\Tools\arm-atollic-reports.jar sizeinfo list STM32F4_Discovery_FreeRTOS_Simple_Demo.elf 
Generate build reports...
Print size information
   text	   data	    bss	    dec	    hex	filename
   3904	     24	   1316	   5244	   147c	STM32F4_Discovery_FreeRTOS_Simple_Demo.elf
Print size information done
Generate listing file
Output sent to: STM32F4_Discovery_FreeRTOS_Simple_Demo.list
Generate listing file done
Generate build reports done
17:41:34 **** Incremental Build of configuration Debug for project STM32F4_Discovery_FreeRTOS_Simple_Demo ****
Info: Internal Builder is used for build
arm-atollic-eabi-gcc -c ..\src\main.c -mthumb -mcpu=cortex-m4 -mfloat-abi=softfp -mfpu=fpv4-sp-d16 -std=gnu11 -DUSE_STM32F4_DISCOVERY -DHSE_VALUE=8000000 -DSTM32F4XX -DUSE_STDPERIPH_DRIVER -I../src -I../Libraries/CMSIS/Include -I../Libraries/Device/STM32F4xx/Include -I../Libraries/STM32F4xx_StdPeriph_Driver/inc -I../Utilities/STM32F4-Discovery -I../FreeRTOS_Source/include -I../FreeRTOS_Source/portable/GCC/ARM_CM4F -O0 -ffunction-sections -fdata-sections -g -fstack-usage -Wall -specs=nano.specs -o src\main.o 
arm-atollic-eabi-gcc -c ..\src\syscalls.c -mthumb -mcpu=cortex-m4 -mfloat-abi=softfp -mfpu=fpv4-sp-d16 -std=gnu11 -DUSE_STM32F4_DISCOVERY -DHSE_VALUE=8000000 -DSTM32F4XX -DUSE_STDPERIPH_DRIVER -I../src -I../Libraries/CMSIS/Include -I../Libraries/Device/STM32F4xx/Include -I../Libraries/STM32F4xx_StdPeriph_Driver/inc -I../Utilities/STM32F4-Discovery -I../FreeRTOS_Source/include -I../FreeRTOS_Source/portable/GCC/ARM_CM4F -O0 -ffunction-sections -fdata-sections -g -fstack-usage -Wall -specs=nano.specs -o src\syscalls.o 
arm-atollic-eabi-gcc -c ..\Libraries\STM32F4xx_StdPeriph_Driver\src\stm32f4xx_tim.c -mthumb -mcpu=cortex-m4 -mfloat-abi=softfp -mfpu=fpv4-sp-d16 -std=gnu11 -DUSE_STM32F4_DISCOVERY -DHSE_VALUE=8000000 -DSTM32F4XX -DUSE_STDPERIPH_DRIVER -I../src -I../Libraries/CMSIS/Include -I../Libraries/Device/STM32F4xx/Include -I../Libraries/STM32F4xx_StdPeriph_Driver/inc -I../Utilities/STM32F4-Discovery -I../FreeRTOS_Source/include -I../FreeRTOS_Source/portable/GCC/ARM_CM4F -O0 -ffunction-sections -fdata-sections -g -fstack-usage -Wall -specs=nano.specs -o Libraries\STM32F4xx_StdPeriph_Driver\src\stm32f4xx_tim.o 
arm-atollic-eabi-gcc -c ..\Libraries\STM32F4xx_StdPeriph_Driver\src\stm32f4xx_rng.c -mthumb -mcpu=cortex-m4 -mfloat-abi=softfp -mfpu=fpv4-sp-d16 -std=gnu11 -DUSE_STM32F4_DISCOVERY -DHSE_VALUE=8000000 -DSTM32F4XX -DUSE_STDPERIPH_DRIVER -I../src -I../Libraries/CMSIS/Include -I../Libraries/Device/STM32F4xx/Include -I../Libraries/STM32F4xx_StdPeriph_Driver/inc -I../Utilities/STM32F4-Discovery -I../FreeRTOS_Source/include -I../FreeRTOS_Source/portable/GCC/ARM_CM4F -O0 -ffunction-sections -fdata-sections -g -fstack-usage -Wall -specs=nano.specs -o Libraries\STM32F4xx_StdPeriph_Driver\src\stm32f4xx_rng.o 
arm-atollic-eabi-gcc -c ..\src\stm32f4xx_it.c -mthumb -mcpu=cortex-m4 -mfloat-abi=softfp -mfpu=fpv4-sp-d16 -std=gnu11 -DUSE_STM32F4_DISCOVERY -DHSE_VALUE=8000000 -DSTM32F4XX -DUSE_STDPERIPH_DRIVER -I../src -I../Libraries/CMSIS/Include -I../Libraries/Device/STM32F4xx/Include -I../Libraries/STM32F4xx_StdPeriph_Driver/inc -I../Utilities/STM32F4-Discovery -I../FreeRTOS_Source/include -I../FreeRTOS_Source/portable/GCC/ARM_CM4F -O0 -ffunction-sections -fdata-sections -g -fstack-usage -Wall -specs=nano.specs -o src\stm32f4xx_it.o 
arm-atollic-eabi-gcc -c ..\Libraries\STM32F4xx_StdPeriph_Driver\src\stm32f4xx_rtc.c -mthumb -mcpu=cortex-m4 -mfloat-abi=softfp -mfpu=fpv4-sp-d16 -std=gnu11 -DUSE_STM32F4_DISCOVERY -DHSE_VALUE=8000000 -DSTM32F4XX -DUSE_STDPERIPH_DRIVER -I../src -I../Libraries/CMSIS/Include -I../Libraries/Device/STM32F4xx/Include -I../Libraries/STM32F4xx_StdPeriph_Driver/inc -I../Utilities/STM32F4-Discovery -I../FreeRTOS_Source/include -I../FreeRTOS_Source/portable/GCC/ARM_CM4F -O0 -ffunction-sections -fdata-sections -g -fstack-usage -Wall -specs=nano.specs -o Libraries\STM32F4xx_StdPeriph_Driver\src\stm32f4xx_rtc.o 
arm-atollic-eabi-gcc -c ..\Libraries\STM32F4xx_StdPeriph_Driver\src\stm32f4xx_wwdg.c -mthumb -mcpu=cortex-m4 -mfloat-abi=softfp -mfpu=fpv4-sp-d16 -std=gnu11 -DUSE_STM32F4_DISCOVERY -DHSE_VALUE=8000000 -DSTM32F4XX -DUSE_STDPERIPH_DRIVER -I../src -I../Libraries/CMSIS/Include -I../Libraries/Device/STM32F4xx/Include -I../Libraries/STM32F4xx_StdPeriph_Driver/inc -I../Utilities/STM32F4-Discovery -I../FreeRTOS_Source/include -I../FreeRTOS_Source/portable/GCC/ARM_CM4F -O0 -ffunction-sections -fdata-sections -g -fstack-usage -Wall -specs=nano.specs -o Libraries\STM32F4xx_StdPeriph_Driver\src\stm32f4xx_wwdg.o 
arm-atollic-eabi-gcc -c ..\FreeRTOS_Source\croutine.c -mthumb -mcpu=cortex-m4 -mfloat-abi=softfp -mfpu=fpv4-sp-d16 -std=gnu11 -DUSE_STM32F4_DISCOVERY -DHSE_VALUE=8000000 -DSTM32F4XX -DUSE_STDPERIPH_DRIVER -I../src -I../Libraries/CMSIS/Include -I../Libraries/Device/STM32F4xx/Include -I../Libraries/STM32F4xx_StdPeriph_Driver/inc -I../Utilities/STM32F4-Discovery -I../FreeRTOS_Source/include -I../FreeRTOS_Source/portable/GCC/ARM_CM4F -O0 -ffunction-sections -fdata-sections -g -fstack-usage -Wall -specs=nano.specs -o FreeRTOS_Source\croutine.o 
arm-atollic-eabi-gcc -c ..\src\system_stm32f4xx.c -mthumb -mcpu=cortex-m4 -mfloat-abi=softfp -mfpu=fpv4-sp-d16 -std=gnu11 -DUSE_STM32F4_DISCOVERY -DHSE_VALUE=8000000 -DSTM32F4XX -DUSE_STDPERIPH_DRIVER -I../src -I../Libraries/CMSIS/Include -I../Libraries/Device/STM32F4xx/Include -I../Libraries/STM32F4xx_StdPeriph_Driver/inc -I../Utilities/STM32F4-Discovery -I../FreeRTOS_Source/include -I../FreeRTOS_Source/portable/GCC/ARM_CM4F -O0 -ffunction-sections -fdata-sections -g -fstack-usage -Wall -specs=nano.specs -o src\system_stm32f4xx.o 
arm-atollic-eabi-gcc -c ..\FreeRTOS_Source\portable\MemMang\heap_1.c -mthumb -mcpu=cortex-m4 -mfloat-abi=softfp -mfpu=fpv4-sp-d16 -std=gnu11 -DUSE_STM32F4_DISCOVERY -DHSE_VALUE=8000000 -DSTM32F4XX -DUSE_STDPERIPH_DRIVER -I../src -I../Libraries/CMSIS/Include -I../Libraries/Device/STM32F4xx/Include -I../Libraries/STM32F4xx_StdPeriph_Driver/inc -I../Utilities/STM32F4-Discovery -I../FreeRTOS_Source/include -I../FreeRTOS_Source/portable/GCC/ARM_CM4F -O0 -ffunction-sections -fdata-sections -g -fstack-usage -Wall -specs=nano.specs -o FreeRTOS_Source\portable\MemMang\heap_1.o 
arm-atollic-eabi-gcc -c ..\FreeRTOS_Source\tasks.c -mthumb -mcpu=cortex-m4 -mfloat-abi=softfp -mfpu=fpv4-sp-d16 -std=gnu11 -DUSE_STM32F4_DISCOVERY -DHSE_VALUE=8000000 -DSTM32F4XX -DUSE_STDPERIPH_DRIVER -I../src -I../Libraries/CMSIS/Include -I../Libraries/Device/STM32F4xx/Include -I../Libraries/STM32F4xx_StdPeriph_Driver/inc -I../Utilities/STM32F4-Discovery -I../FreeRTOS_Source/include -I../FreeRTOS_Source/portable/GCC/ARM_CM4F -O0 -ffunction-sections -fdata-sections -g -fstack-usage -Wall -specs=nano.specs -o FreeRTOS_Source\tasks.o 
arm-atollic-eabi-gcc -c ..\FreeRTOS_Source\timers.c -mthumb -mcpu=cortex-m4 -mfloat-abi=softfp -mfpu=fpv4-sp-d16 -std=gnu11 -DUSE_STM32F4_DISCOVERY -DHSE_VALUE=8000000 -DSTM32F4XX -DUSE_STDPERIPH_DRIVER -I../src -I../Libraries/CMSIS/Include -I../Libraries/Device/STM32F4xx/Include -I../Libraries/STM32F4xx_StdPeriph_Driver/inc -I../Utilities/STM32F4-Discovery -I../FreeRTOS_Source/include -I../FreeRTOS_Source/portable/GCC/ARM_CM4F -O0 -ffunction-sections -fdata-sections -g -fstack-usage -Wall -specs=nano.specs -o FreeRTOS_Source\timers.o 
arm-atollic-eabi-gcc -c ..\FreeRTOS_Source\queue.c -mthumb -mcpu=cortex-m4 -mfloat-abi=softfp -mfpu=fpv4-sp-d16 -std=gnu11 -DUSE_STM32F4_DISCOVERY -DHSE_VALUE=8000000 -DSTM32F4XX -DUSE_STDPERIPH_DRIVER -I../src -I../Libraries/CMSIS/Include -I../Libraries/Device/STM32F4xx/Include -I../Libraries/STM32F4xx_StdPeriph_Driver/inc -I../Utilities/STM32F4-Discovery -I../FreeRTOS_Source/include -I../FreeRTOS_Source/portable/GCC/ARM_CM4F -O0 -ffunction-sections -fdata-sections -g -fstack-usage -Wall -specs=nano.specs -o FreeRTOS_Source\queue.o 
arm-atollic-eabi-gcc -c ..\Libraries\STM32F4xx_StdPeriph_Driver\src\stm32f4xx_pwr.c -mthumb -mcpu=cortex-m4 -mfloat-abi=softfp -mfpu=fpv4-sp-d16 -std=gnu11 -DUSE_STM32F4_DISCOVERY -DHSE_VALUE=8000000 -DSTM32F4XX -DUSE_STDPERIPH_DRIVER -I../src -I../Libraries/CMSIS/Include -I../Libraries/Device/STM32F4xx/Include -I../Libraries/STM32F4xx_StdPeriph_Driver/inc -I../Utilities/STM32F4-Discovery -I../FreeRTOS_Source/include -I../FreeRTOS_Source/portable/GCC/ARM_CM4F -O0 -ffunction-sections -fdata-sections -g -fstack-usage -Wall -specs=nano.specs -o Libraries\STM32F4xx_StdPeriph_Driver\src\stm32f4xx_pwr.o 
arm-atollic-eabi-gcc -c ..\Libraries\STM32F4xx_StdPeriph_Driver\src\stm32f4xx_i2c.c -mthumb -mcpu=cortex-m4 -mfloat-abi=softfp -mfpu=fpv4-sp-d16 -std=gnu11 -DUSE_STM32F4_DISCOVERY -DHSE_VALUE=8000000 -DSTM32F4XX -DUSE_STDPERIPH_DRIVER -I../src -I../Libraries/CMSIS/Include -I../Libraries/Device/STM32F4xx/Include -I../Libraries/STM32F4xx_StdPeriph_Driver/inc -I../Utilities/STM32F4-Discovery -I../FreeRTOS_Source/include -I../FreeRTOS_Source/portable/GCC/ARM_CM4F -O0 -ffunction-sections -fdata-sections -g -fstack-usage -Wall -specs=nano.specs -o Libraries\STM32F4xx_StdPeriph_Driver\src\stm32f4xx_i2c.o 
arm-atollic-eabi-gcc -c ..\Libraries\STM32F4xx_StdPeriph_Driver\src\stm32f4xx_dcmi.c -mthumb -mcpu=cortex-m4 -mfloat-abi=softfp -mfpu=fpv4-sp-d16 -std=gnu11 -DUSE_STM32F4_DISCOVERY -DHSE_VALUE=8000000 -DSTM32F4XX -DUSE_STDPERIPH_DRIVER -I../src -I../Libraries/CMSIS/Include -I../Libraries/Device/STM32F4xx/Include -I../Libraries/STM32F4xx_StdPeriph_Driver/inc -I../Utilities/STM32F4-Discovery -I../FreeRTOS_Source/include -I../FreeRTOS_Source/portable/GCC/ARM_CM4F -O0 -ffunction-sections -fdata-sections -g -fstack-usage -Wall -specs=nano.specs -o Libraries\STM32F4xx_StdPeriph_Driver\src\stm32f4xx_dcmi.o 
arm-atollic-eabi-gcc -c ..\src\tiny_printf.c -mthumb -mcpu=cortex-m4 -mfloat-abi=softfp -mfpu=fpv4-sp-d16 -std=gnu11 -DUSE_STM32F4_DISCOVERY -DHSE_VALUE=8000000 -DSTM32F4XX -DUSE_STDPERIPH_DRIVER -I../src -I../Libraries/CMSIS/Include -I../Libraries/Device/STM32F4xx/Include -I../Libraries/STM32F4xx_StdPeriph_Driver/inc -I../Utilities/STM32F4-Discovery -I../FreeRTOS_Source/include -I../FreeRTOS_Source/portable/GCC/ARM_CM4F -O0 -ffunction-sections -fdata-sections -g -fstack-usage -Wall -specs=nano.specs -o src\tiny_printf.o 
arm-atollic-eabi-gcc -c ..\Libraries\STM32F4xx_StdPeriph_Driver\src\stm32f4xx_sdio.c -mthumb -mcpu=cortex-m4 -mfloat-abi=softfp -mfpu=fpv4-sp-d16 -std=gnu11 -DUSE_STM32F4_DISCOVERY -DHSE_VALUE=8000000 -DSTM32F4XX -DUSE_STDPERIPH_DRIVER -I../src -I../Libraries/CMSIS/Include -I../Libraries/Device/STM32F4xx/Include -I../Libraries/STM32F4xx_StdPeriph_Driver/inc -I../Utilities/STM32F4-Discovery -I../FreeRTOS_Source/include -I../FreeRTOS_Source/portable/GCC/ARM_CM4F -O0 -ffunction-sections -fdata-sections -g -fstack-usage -Wall -specs=nano.specs -o Libraries\STM32F4xx_StdPeriph_Driver\src\stm32f4xx_sdio.o 
arm-atollic-eabi-gcc -c ..\Utilities\STM32F4-Discovery\stm32f4_discovery.c -mthumb -mcpu=cortex-m4 -mfloat-abi=softfp -mfpu=fpv4-sp-d16 -std=gnu11 -DUSE_STM32F4_DISCOVERY -DHSE_VALUE=8000000 -DSTM32F4XX -DUSE_STDPERIPH_DRIVER -I../src -I../Libraries/CMSIS/Include -I../Libraries/Device/STM32F4xx/Include -I../Libraries/STM32F4xx_StdPeriph_Driver/inc -I../Utilities/STM32F4-Discovery -I../FreeRTOS_Source/include -I../FreeRTOS_Source/portable/GCC/ARM_CM4F -O0 -ffunction-sections -fdata-sections -g -fstack-usage -Wall -specs=nano.specs -o Utilities\STM32F4-Discovery\stm32f4_discovery.o 
arm-atollic-eabi-gcc -c ..\Libraries\STM32F4xx_StdPeriph_Driver\src\misc.c -mthumb -mcpu=cortex-m4 -mfloat-abi=softfp -mfpu=fpv4-sp-d16 -std=gnu11 -DUSE_STM32F4_DISCOVERY -DHSE_VALUE=8000000 -DSTM32F4XX -DUSE_STDPERIPH_DRIVER -I../src -I../Libraries/CMSIS/Include -I../Libraries/Device/STM32F4xx/Include -I../Libraries/STM32F4xx_StdPeriph_Driver/inc -I../Utilities/STM32F4-Discovery -I../FreeRTOS_Source/include -I../FreeRTOS_Source/portable/GCC/ARM_CM4F -O0 -ffunction-sections -fdata-sections -g -fstack-usage -Wall -specs=nano.specs -o Libraries\STM32F4xx_StdPeriph_Driver\src\misc.o 
arm-atollic-eabi-gcc -c ..\Libraries\STM32F4xx_StdPeriph_Driver\src\stm32f4xx_dac.c -mthumb -mcpu=cortex-m4 -mfloat-abi=softfp -mfpu=fpv4-sp-d16 -std=gnu11 -DUSE_STM32F4_DISCOVERY -DHSE_VALUE=8000000 -DSTM32F4XX -DUSE_STDPERIPH_DRIVER -I../src -I../Libraries/CMSIS/Include -I../Libraries/Device/STM32F4xx/Include -I../Libraries/STM32F4xx_StdPeriph_Driver/inc -I../Utilities/STM32F4-Discovery -I../FreeRTOS_Source/include -I../FreeRTOS_Source/portable/GCC/ARM_CM4F -O0 -ffunction-sections -fdata-sections -g -fstack-usage -Wall -specs=nano.specs -o Libraries\STM32F4xx_StdPeriph_Driver\src\stm32f4xx_dac.o 
arm-atollic-eabi-gcc -c ..\Libraries\STM32F4xx_StdPeriph_Driver\src\stm32f4xx_hash.c -mthumb -mcpu=cortex-m4 -mfloat-abi=softfp -mfpu=fpv4-sp-d16 -std=gnu11 -DUSE_STM32F4_DISCOVERY -DHSE_VALUE=8000000 -DSTM32F4XX -DUSE_STDPERIPH_DRIVER -I../src -I../Libraries/CMSIS/Include -I../Libraries/Device/STM32F4xx/Include -I../Libraries/STM32F4xx_StdPeriph_Driver/inc -I../Utilities/STM32F4-Discovery -I../FreeRTOS_Source/include -I../FreeRTOS_Source/portable/GCC/ARM_CM4F -O0 -ffunction-sections -fdata-sections -g -fstack-usage -Wall -specs=nano.specs -o Libraries\STM32F4xx_StdPeriph_Driver\src\stm32f4xx_hash.o 
arm-atollic-eabi-gcc -c ..\Libraries\STM32F4xx_StdPeriph_Driver\src\stm32f4xx_usart.c -mthumb -mcpu=cortex-m4 -mfloat-abi=softfp -mfpu=fpv4-sp-d16 -std=gnu11 -DUSE_STM32F4_DISCOVERY -DHSE_VALUE=8000000 -DSTM32F4XX -DUSE_STDPERIPH_DRIVER -I../src -I../Libraries/CMSIS/Include -I../Libraries/Device/STM32F4xx/Include -I../Libraries/STM32F4xx_StdPeriph_Driver/inc -I../Utilities/STM32F4-Discovery -I../FreeRTOS_Source/include -I../FreeRTOS_Source/portable/GCC/ARM_CM4F -O0 -ffunction-sections -fdata-sections -g -fstack-usage -Wall -specs=nano.specs -o Libraries\STM32F4xx_StdPeriph_Driver\src\stm32f4xx_usart.o 
arm-atollic-eabi-gcc -c ..\Libraries\STM32F4xx_StdPeriph_Driver\src\stm32f4xx_rcc.c -mthumb -mcpu=cortex-m4 -mfloat-abi=softfp -mfpu=fpv4-sp-d16 -std=gnu11 -DUSE_STM32F4_DISCOVERY -DHSE_VALUE=8000000 -DSTM32F4XX -DUSE_STDPERIPH_DRIVER -I../src -I../Libraries/CMSIS/Include -I../Libraries/Device/STM32F4xx/Include -I../Libraries/STM32F4xx_StdPeriph_Driver/inc -I../Utilities/STM32F4-Discovery -I../FreeRTOS_Source/include -I../FreeRTOS_Source/portable/GCC/ARM_CM4F -O0 -ffunction-sections -fdata-sections -g -fstack-usage -Wall -specs=nano.specs -o Libraries\STM32F4xx_StdPeriph_Driver\src\stm32f4xx_rcc.o 
arm-atollic-eabi-gcc -c ..\Libraries\STM32F4xx_StdPeriph_Driver\src\stm32f4xx_cryp_des.c -mthumb -mcpu=cortex-m4 -mfloat-abi=softfp -mfpu=fpv4-sp-d16 -std=gnu11 -DUSE_STM32F4_DISCOVERY -DHSE_VALUE=8000000 -DSTM32F4XX -DUSE_STDPERIPH_DRIVER -I../src -I../Libraries/CMSIS/Include -I../Libraries/Device/STM32F4xx/Include -I../Libraries/STM32F4xx_StdPeriph_Driver/inc -I../Utilities/STM32F4-Discovery -I../FreeRTOS_Source/include -I../FreeRTOS_Source/portable/GCC/ARM_CM4F -O0 -ffunction-sections -fdata-sections -g -fstack-usage -Wall -specs=nano.specs -o Libraries\STM32F4xx_StdPeriph_Driver\src\stm32f4xx_cryp_des.o 
arm-atollic-eabi-gcc -c ..\Libraries\STM32F4xx_StdPeriph_Driver\src\stm32f4xx_dbgmcu.c -mthumb -mcpu=cortex-m4 -mfloat-abi=softfp -mfpu=fpv4-sp-d16 -std=gnu11 -DUSE_STM32F4_DISCOVERY -DHSE_VALUE=8000000 -DSTM32F4XX -DUSE_STDPERIPH_DRIVER -I../src -I../Libraries/CMSIS/Include -I../Libraries/Device/STM32F4xx/Include -I../Libraries/STM32F4xx_StdPeriph_Driver/inc -I../Utilities/STM32F4-Discovery -I../FreeRTOS_Source/include -I../FreeRTOS_Source/portable/GCC/ARM_CM4F -O0 -ffunction-sections -fdata-sections -g -fstack-usage -Wall -specs=nano.specs -o Libraries\STM32F4xx_StdPeriph_Driver\src\stm32f4xx_dbgmcu.o 
arm-atollic-eabi-gcc -c ..\FreeRTOS_Source\list.c -mthumb -mcpu=cortex-m4 -mfloat-abi=softfp -mfpu=fpv4-sp-d16 -std=gnu11 -DUSE_STM32F4_DISCOVERY -DHSE_VALUE=8000000 -DSTM32F4XX -DUSE_STDPERIPH_DRIVER -I../src -I../Libraries/CMSIS/Include -I../Libraries/Device/STM32F4xx/Include -I../Libraries/STM32F4xx_StdPeriph_Driver/inc -I../Utilities/STM32F4-Discovery -I../FreeRTOS_Source/include -I../FreeRTOS_Source/portable/GCC/ARM_CM4F -O0 -ffunction-sections -fdata-sections -g -fstack-usage -Wall -specs=nano.specs -o FreeRTOS_Source\list.o 
arm-atollic-eabi-gcc -c ..\Libraries\STM32F4xx_StdPeriph_Driver\src\stm32f4xx_spi.c -mthumb -mcpu=cortex-m4 -mfloat-abi=softfp -mfpu=fpv4-sp-d16 -std=gnu11 -DUSE_STM32F4_DISCOVERY -DHSE_VALUE=8000000 -DSTM32F4XX -DUSE_STDPERIPH_DRIVER -I../src -I../Libraries/CMSIS/Include -I../Libraries/Device/STM32F4xx/Include -I../Libraries/STM32F4xx_StdPeriph_Driver/inc -I../Utilities/STM32F4-Discovery -I../FreeRTOS_Source/include -I../FreeRTOS_Source/portable/GCC/ARM_CM4F -O0 -ffunction-sections -fdata-sections -g -fstack-usage -Wall -specs=nano.specs -o Libraries\STM32F4xx_StdPeriph_Driver\src\stm32f4xx_spi.o 
arm-atollic-eabi-gcc -c ..\Libraries\STM32F4xx_StdPeriph_Driver\src\stm32f4xx_cryp_tdes.c -mthumb -mcpu=cortex-m4 -mfloat-abi=softfp -mfpu=fpv4-sp-d16 -std=gnu11 -DUSE_STM32F4_DISCOVERY -DHSE_VALUE=8000000 -DSTM32F4XX -DUSE_STDPERIPH_DRIVER -I../src -I../Libraries/CMSIS/Include -I../Libraries/Device/STM32F4xx/Include -I../Libraries/STM32F4xx_StdPeriph_Driver/inc -I../Utilities/STM32F4-Discovery -I../FreeRTOS_Source/include -I../FreeRTOS_Source/portable/GCC/ARM_CM4F -O0 -ffunction-sections -fdata-sections -g -fstack-usage -Wall -specs=nano.specs -o Libraries\STM32F4xx_StdPeriph_Driver\src\stm32f4xx_cryp_tdes.o 
arm-atollic-eabi-gcc -c ..\Libraries\STM32F4xx_StdPeriph_Driver\src\stm32f4xx_crc.c -mthumb -mcpu=cortex-m4 -mfloat-abi=softfp -mfpu=fpv4-sp-d16 -std=gnu11 -DUSE_STM32F4_DISCOVERY -DHSE_VALUE=8000000 -DSTM32F4XX -DUSE_STDPERIPH_DRIVER -I../src -I../Libraries/CMSIS/Include -I../Libraries/Device/STM32F4xx/Include -I../Libraries/STM32F4xx_StdPeriph_Driver/inc -I../Utilities/STM32F4-Discovery -I../FreeRTOS_Source/include -I../FreeRTOS_Source/portable/GCC/ARM_CM4F -O0 -ffunction-sections -fdata-sections -g -fstack-usage -Wall -specs=nano.specs -o Libraries\STM32F4xx_StdPeriph_Driver\src\stm32f4xx_crc.o 
arm-atollic-eabi-gcc -c ..\Libraries\STM32F4xx_StdPeriph_Driver\src\stm32f4xx_can.c -mthumb -mcpu=cortex-m4 -mfloat-abi=softfp -mfpu=fpv4-sp-d16 -std=gnu11 -DUSE_STM32F4_DISCOVERY -DHSE_VALUE=8000000 -DSTM32F4XX -DUSE_STDPERIPH_DRIVER -I../src -I../Libraries/CMSIS/Include -I../Libraries/Device/STM32F4xx/Include -I../Libraries/STM32F4xx_StdPeriph_Driver/inc -I../Utilities/STM32F4-Discovery -I../FreeRTOS_Source/include -I../FreeRTOS_Source/portable/GCC/ARM_CM4F -O0 -ffunction-sections -fdata-sections -g -fstack-usage -Wall -specs=nano.specs -o Libraries\STM32F4xx_StdPeriph_Driver\src\stm32f4xx_can.o 
[...]
C:\Program Files (x86)\Atollic\TrueSTUDIO for STM32 9.1.0\ide\jre\bin\java -jar C:\Program Files (x86)\Atollic\TrueSTUDIO for STM32 9.1.0\Tools\arm-atollic-reports.jar sizeinfo list STM32F4_Discovery_FreeRTOS_Simple_Demo.elf 
Generate build reports...
Print size information
   text	   data	    bss	    dec	    hex	filename
   3892	     24	   1316	   5232	   1470	STM32F4_Discovery_FreeRTOS_Simple_Demo.elf
Print size information done
Generate listing file
Output sent to: STM32F4_Discovery_FreeRTOS_Simple_Demo.list
Generate listing file done
Generate build reports done
18:07:44 **** Incremental Build of configuration Debug for project STM32F4_Discovery_FreeRTOS_Simple_Demo ****
Info: Internal Builder is used for build
arm-atollic-eabi-gcc -c ..\src\main.c -mthumb -mcpu=cortex-m4 -mfloat-abi=softfp -mfpu=fpv4-sp-d16 -std=gnu11 -DUSE_STM32F4_DISCOVERY -DHSE_VALUE=8000000 -DSTM32F4XX -DUSE_STDPERIPH_DRIVER -I../src -I../Libraries/CMSIS/Include -I../Libraries/Device/STM32F4xx/Include -I../Libraries/STM32F4xx_StdPeriph_Driver/inc -I../Utilities/STM32F4-Discovery -I../FreeRTOS_Source/include -I../FreeRTOS_Source/portable/GCC/ARM_CM4F -O0 -ffunction-sections -fdata-sections -g -fstack-usage -Wall -specs=nano.specs -o src\main.o 
arm-atollic-eabi-gcc -o STM32F4_Discovery_FreeRTOS_Simple_Demo.elf FreeRTOS_Source\croutine.o FreeRTOS_Source\event_groups.o FreeRTOS_Source\list.o FreeRTOS_Source\portable\GCC\ARM_CM4F\port.o FreeRTOS_Source\portable\MemMang\heap_1.o FreeRTOS_Source\queue.o FreeRTOS_Source\tasks.o FreeRTOS_Source\timers.o Libraries\STM32F4xx_StdPeriph_Driver\src\misc.o Libraries\STM32F4xx_StdPeriph_Driver\src\stm32f4xx_adc.o Libraries\STM32F4xx_StdPeriph_Driver\src\stm32f4xx_can.o Libraries\STM32F4xx_StdPeriph_Driver\src\stm32f4xx_crc.o Libraries\STM32F4xx_StdPeriph_Driver\src\stm32f4xx_cryp.o Libraries\STM32F4xx_StdPeriph_Driver\src\stm32f4xx_cryp_aes.o Libraries\STM32F4xx_StdPeriph_Driver\src\stm32f4xx_cryp_des.o Libraries\STM32F4xx_StdPeriph_Driver\src\stm32f4xx_cryp_tdes.o Libraries\STM32F4xx_StdPeriph_Driver\src\stm32f4xx_dac.o Libraries\STM32F4xx_StdPeriph_Driver\src\stm32f4xx_dbgmcu.o Libraries\STM32F4xx_StdPeriph_Driver\src\stm32f4xx_dcmi.o Libraries\STM32F4xx_StdPeriph_Driver\src\stm32f4xx_dma.o Libraries\STM32F4xx_StdPeriph_Driver\src\stm32f4xx_exti.o Libraries\STM32F4xx_StdPeriph_Driver\src\stm32f4xx_flash.o Libraries\STM32F4xx_StdPeriph_Driver\src\stm32f4xx_fsmc.o Libraries\STM32F4xx_StdPeriph_Driver\src\stm32f4xx_gpio.o Libraries\STM32F4xx_StdPeriph_Driver\src\stm32f4xx_hash.o Libraries\STM32F4xx_StdPeriph_Driver\src\stm32f4xx_hash_md5.o Libraries\STM32F4xx_StdPeriph_Driver\src\stm32f4xx_hash_sha1.o Libraries\STM32F4xx_StdPeriph_Driver\src\stm32f4xx_i2c.o Libraries\STM32F4xx_StdPeriph_Driver\src\stm32f4xx_iwdg.o Libraries\STM32F4xx_StdPeriph_Driver\src\stm32f4xx_pwr.o Libraries\STM32F4xx_StdPeriph_Driver\src\stm32f4xx_rcc.o Libraries\STM32F4xx_StdPeriph_Driver\src\stm32f4xx_rng.o Libraries\STM32F4xx_StdPeriph_Driver\src\stm32f4xx_rtc.o Libraries\STM32F4xx_StdPeriph_Driver\src\stm32f4xx_sdio.o Libraries\STM32F4xx_StdPeriph_Driver\src\stm32f4xx_spi.o Libraries\STM32F4xx_StdPeriph_Driver\src\stm32f4xx_syscfg.o Libraries\STM32F4xx_StdPeriph_Driver\src\stm32f4xx_tim.o Libraries\STM32F4xx_StdPeriph_Driver\src\stm32f4xx_usart.o Libraries\STM32F4xx_StdPeriph_Driver\src\stm32f4xx_wwdg.o Utilities\STM32F4-Discovery\stm32f4_discovery.o Utilities\STM32F4-Discovery\stm32f4_discovery_audio_codec.o Utilities\STM32F4-Discovery\stm32f4_discovery_lis302dl.o src\STM32F4-Discovery_callback.o src\main.o src\startup_stm32f4xx.o src\stm32f4xx_it.o src\syscalls.o src\system_stm32f4xx.o src\tiny_printf.o -lm -mthumb -mcpu=cortex-m4 -mfloat-abi=softfp -mfpu=fpv4-sp-d16 -T../stm32f4_flash.ld -specs=nosys.specs -static -Wl,-cref,-u,Reset_Handler -Wl,-Map=STM32F4_Discovery_FreeRTOS_Simple_Demo.map -Wl,--gc-sections -Wl,--defsym=malloc_getpagesize_P=0x80 -Wl,--start-group -lc -lm -Wl,--end-group -specs=nano.specs 
C:\Program Files (x86)\Atollic\TrueSTUDIO for STM32 9.1.0\ide\jre\bin\java -jar C:\Program Files (x86)\Atollic\TrueSTUDIO for STM32 9.1.0\Tools\arm-atollic-reports.jar sizeinfo list STM32F4_Discovery_FreeRTOS_Simple_Demo.elf 
Generate build reports...
Print size information
   text	   data	    bss	    dec	    hex	filename
   3892	     24	   1316	   5232	   1470	STM32F4_Discovery_FreeRTOS_Simple_Demo.elf
Print size information done
Generate listing file
Output sent to: STM32F4_Discovery_FreeRTOS_Simple_Demo.list
Generate listing file done
Generate build reports done
18:14:31 **** Incremental Build of configuration Debug for project STM32F4_Discovery_FreeRTOS_Simple_Demo ****
Info: Internal Builder is used for build
arm-atollic-eabi-gcc -c ..\src\main.c -mthumb -mcpu=cortex-m4 -mfloat-abi=softfp -mfpu=fpv4-sp-d16 -std=gnu11 -DUSE_STM32F4_DISCOVERY -DHSE_VALUE=8000000 -DSTM32F4XX -DUSE_STDPERIPH_DRIVER -I../src -I../Libraries/CMSIS/Include -I../Libraries/Device/STM32F4xx/Include -I../Libraries/STM32F4xx_StdPeriph_Driver/inc -I../Utilities/STM32F4-Discovery -I../FreeRTOS_Source/include -I../FreeRTOS_Source/portable/GCC/ARM_CM4F -O0 -ffunction-sections -fdata-sections -g -fstack-usage -Wall -specs=nano.specs -o src\main.o 
..\src\main.c:369:6: error: conflicting types for 'ShiftRegisterValuePreLight'
 void ShiftRegisterValuePreLight(uint32_t value)
      ^~~~~~~~~~~~~~~~~~~~~~~~~~
..\src\main.c:211:6: note: previous declaration of 'ShiftRegisterValuePreLight' was here
 void ShiftRegisterValuePreLight( uint16_t value );
      ^~~~~~~~~~~~~~~~~~~~~~~~~~
18:17:34 **** Incremental Build of configuration Debug for project STM32F4_Discovery_FreeRTOS_Simple_Demo ****
Info: Internal Builder is used for build
arm-atollic-eabi-gcc -c ..\src\main.c -mthumb -mcpu=cortex-m4 -mfloat-abi=softfp -mfpu=fpv4-sp-d16 -std=gnu11 -DUSE_STM32F4_DISCOVERY -DHSE_VALUE=8000000 -DSTM32F4XX -DUSE_STDPERIPH_DRIVER -I../src -I../Libraries/CMSIS/Include -I../Libraries/Device/STM32F4xx/Include -I../Libraries/STM32F4xx_StdPeriph_Driver/inc -I../Utilities/STM32F4-Discovery -I../FreeRTOS_Source/include -I../FreeRTOS_Source/portable/GCC/ARM_CM4F -O0 -ffunction-sections -fdata-sections -g -fstack-usage -Wall -specs=nano.specs -o src\main.o 
..\src\main.c: In function 'main':
..\src\main.c:246:24: error: 'GPIO_PIN_8' undeclared (first use in this function)
  GPIO_ResetBits(GPIOC, GPIO_PIN_8);
                        ^~~~~~~~~~
..\src\main.c:246:24: note: each undeclared identifier is reported only once for each function it appears in
18:18:00 **** Incremental Build of configuration Debug for project STM32F4_Discovery_FreeRTOS_Simple_Demo ****
Info: Internal Builder is used for build
arm-atollic-eabi-gcc -c ..\src\main.c -mthumb -mcpu=cortex-m4 -mfloat-abi=softfp -mfpu=fpv4-sp-d16 -std=gnu11 -DUSE_STM32F4_DISCOVERY -DHSE_VALUE=8000000 -DSTM32F4XX -DUSE_STDPERIPH_DRIVER -I../src -I../Libraries/CMSIS/Include -I../Libraries/Device/STM32F4xx/Include -I../Libraries/STM32F4xx_StdPeriph_Driver/inc -I../Utilities/STM32F4-Discovery -I../FreeRTOS_Source/include -I../FreeRTOS_Source/portable/GCC/ARM_CM4F -O0 -ffunction-sections -fdata-sections -g -fstack-usage -Wall -specs=nano.specs -o src\main.o 
arm-atollic-eabi-gcc -o STM32F4_Discovery_FreeRTOS_Simple_Demo.elf FreeRTOS_Source\croutine.o FreeRTOS_Source\event_groups.o FreeRTOS_Source\list.o FreeRTOS_Source\portable\GCC\ARM_CM4F\port.o FreeRTOS_Source\portable\MemMang\heap_1.o FreeRTOS_Source\queue.o FreeRTOS_Source\tasks.o FreeRTOS_Source\timers.o Libraries\STM32F4xx_StdPeriph_Driver\src\misc.o Libraries\STM32F4xx_StdPeriph_Driver\src\stm32f4xx_adc.o Libraries\STM32F4xx_StdPeriph_Driver\src\stm32f4xx_can.o Libraries\STM32F4xx_StdPeriph_Driver\src\stm32f4xx_crc.o Libraries\STM32F4xx_StdPeriph_Driver\src\stm32f4xx_cryp.o Libraries\STM32F4xx_StdPeriph_Driver\src\stm32f4xx_cryp_aes.o Libraries\STM32F4xx_StdPeriph_Driver\src\stm32f4xx_cryp_des.o Libraries\STM32F4xx_StdPeriph_Driver\src\stm32f4xx_cryp_tdes.o Libraries\STM32F4xx_StdPeriph_Driver\src\stm32f4xx_dac.o Libraries\STM32F4xx_StdPeriph_Driver\src\stm32f4xx_dbgmcu.o Libraries\STM32F4xx_StdPeriph_Driver\src\stm32f4xx_dcmi.o Libraries\STM32F4xx_StdPeriph_Driver\src\stm32f4xx_dma.o Libraries\STM32F4xx_StdPeriph_Driver\src\stm32f4xx_exti.o Libraries\STM32F4xx_StdPeriph_Driver\src\stm32f4xx_flash.o Libraries\STM32F4xx_StdPeriph_Driver\src\stm32f4xx_fsmc.o Libraries\STM32F4xx_StdPeriph_Driver\src\stm32f4xx_gpio.o Libraries\STM32F4xx_StdPeriph_Driver\src\stm32f4xx_hash.o Libraries\STM32F4xx_StdPeriph_Driver\src\stm32f4xx_hash_md5.o Libraries\STM32F4xx_StdPeriph_Driver\src\stm32f4xx_hash_sha1.o Libraries\STM32F4xx_StdPeriph_Driver\src\stm32f4xx_i2c.o Libraries\STM32F4xx_StdPeriph_Driver\src\stm32f4xx_iwdg.o Libraries\STM32F4xx_StdPeriph_Driver\src\stm32f4xx_pwr.o Libraries\STM32F4xx_StdPeriph_Driver\src\stm32f4xx_rcc.o Libraries\STM32F4xx_StdPeriph_Driver\src\stm32f4xx_rng.o Libraries\STM32F4xx_StdPeriph_Driver\src\stm32f4xx_rtc.o Libraries\STM32F4xx_StdPeriph_Driver\src\stm32f4xx_sdio.o Libraries\STM32F4xx_StdPeriph_Driver\src\stm32f4xx_spi.o Libraries\STM32F4xx_StdPeriph_Driver\src\stm32f4xx_syscfg.o Libraries\STM32F4xx_StdPeriph_Driver\src\stm32f4xx_tim.o Libraries\STM32F4xx_StdPeriph_Driver\src\stm32f4xx_usart.o Libraries\STM32F4xx_StdPeriph_Driver\src\stm32f4xx_wwdg.o Utilities\STM32F4-Discovery\stm32f4_discovery.o Utilities\STM32F4-Discovery\stm32f4_discovery_audio_codec.o Utilities\STM32F4-Discovery\stm32f4_discovery_lis302dl.o src\STM32F4-Discovery_callback.o src\main.o src\startup_stm32f4xx.o src\stm32f4xx_it.o src\syscalls.o src\system_stm32f4xx.o src\tiny_printf.o -lm -mthumb -mcpu=cortex-m4 -mfloat-abi=softfp -mfpu=fpv4-sp-d16 -T../stm32f4_flash.ld -specs=nosys.specs -static -Wl,-cref,-u,Reset_Handler -Wl,-Map=STM32F4_Discovery_FreeRTOS_Simple_Demo.map -Wl,--gc-sections -Wl,--defsym=malloc_getpagesize_P=0x80 -Wl,--start-group -lc -lm -Wl,--end-group -specs=nano.specs 
C:\Program Files (x86)\Atollic\TrueSTUDIO for STM32 9.1.0\ide\jre\bin\java -jar C:\Program Files (x86)\Atollic\TrueSTUDIO for STM32 9.1.0\Tools\arm-atollic-reports.jar sizeinfo list STM32F4_Discovery_FreeRTOS_Simple_Demo.elf 
Generate build reports...
Print size information
   text	   data	    bss	    dec	    hex	filename
   3964	     24	   1316	   5304	   14b8	STM32F4_Discovery_FreeRTOS_Simple_Demo.elf
Print size information done
Generate listing file
Output sent to: STM32F4_Discovery_FreeRTOS_Simple_Demo.list
Generate listing file done
Generate build reports done
18:25:18 **** Incremental Build of configuration Debug for project STM32F4_Discovery_FreeRTOS_Simple_Demo ****
Info: Internal Builder is used for build
arm-atollic-eabi-gcc -c ..\src\main.c -mthumb -mcpu=cortex-m4 -mfloat-abi=softfp -mfpu=fpv4-sp-d16 -std=gnu11 -DUSE_STM32F4_DISCOVERY -DHSE_VALUE=8000000 -DSTM32F4XX -DUSE_STDPERIPH_DRIVER -I../src -I../Libraries/CMSIS/Include -I../Libraries/Device/STM32F4xx/Include -I../Libraries/STM32F4xx_StdPeriph_Driver/inc -I../Utilities/STM32F4-Discovery -I../FreeRTOS_Source/include -I../FreeRTOS_Source/portable/GCC/ARM_CM4F -O0 -ffunction-sections -fdata-sections -g -fstack-usage -Wall -specs=nano.specs -o src\main.o 
..\src\main.c: In function 'main':
..\src\main.c:267:11: error: redefinition of 'car_value'
  uint16_t car_value = 1;
           ^~~~~~~~~
..\src\main.c:253:11: note: previous definition of 'car_value' was here
  uint16_t car_value = 0;
           ^~~~~~~~~
18:26:33 **** Incremental Build of configuration Debug for project STM32F4_Discovery_FreeRTOS_Simple_Demo ****
Info: Internal Builder is used for build
arm-atollic-eabi-gcc -c ..\src\main.c -mthumb -mcpu=cortex-m4 -mfloat-abi=softfp -mfpu=fpv4-sp-d16 -std=gnu11 -DUSE_STM32F4_DISCOVERY -DHSE_VALUE=8000000 -DSTM32F4XX -DUSE_STDPERIPH_DRIVER -I../src -I../Libraries/CMSIS/Include -I../Libraries/Device/STM32F4xx/Include -I../Libraries/STM32F4xx_StdPeriph_Driver/inc -I../Utilities/STM32F4-Discovery -I../FreeRTOS_Source/include -I../FreeRTOS_Source/portable/GCC/ARM_CM4F -O0 -ffunction-sections -fdata-sections -g -fstack-usage -Wall -specs=nano.specs -o src\main.o 
arm-atollic-eabi-gcc -o STM32F4_Discovery_FreeRTOS_Simple_Demo.elf FreeRTOS_Source\croutine.o FreeRTOS_Source\event_groups.o FreeRTOS_Source\list.o FreeRTOS_Source\portable\GCC\ARM_CM4F\port.o FreeRTOS_Source\portable\MemMang\heap_1.o FreeRTOS_Source\queue.o FreeRTOS_Source\tasks.o FreeRTOS_Source\timers.o Libraries\STM32F4xx_StdPeriph_Driver\src\misc.o Libraries\STM32F4xx_StdPeriph_Driver\src\stm32f4xx_adc.o Libraries\STM32F4xx_StdPeriph_Driver\src\stm32f4xx_can.o Libraries\STM32F4xx_StdPeriph_Driver\src\stm32f4xx_crc.o Libraries\STM32F4xx_StdPeriph_Driver\src\stm32f4xx_cryp.o Libraries\STM32F4xx_StdPeriph_Driver\src\stm32f4xx_cryp_aes.o Libraries\STM32F4xx_StdPeriph_Driver\src\stm32f4xx_cryp_des.o Libraries\STM32F4xx_StdPeriph_Driver\src\stm32f4xx_cryp_tdes.o Libraries\STM32F4xx_StdPeriph_Driver\src\stm32f4xx_dac.o Libraries\STM32F4xx_StdPeriph_Driver\src\stm32f4xx_dbgmcu.o Libraries\STM32F4xx_StdPeriph_Driver\src\stm32f4xx_dcmi.o Libraries\STM32F4xx_StdPeriph_Driver\src\stm32f4xx_dma.o Libraries\STM32F4xx_StdPeriph_Driver\src\stm32f4xx_exti.o Libraries\STM32F4xx_StdPeriph_Driver\src\stm32f4xx_flash.o Libraries\STM32F4xx_StdPeriph_Driver\src\stm32f4xx_fsmc.o Libraries\STM32F4xx_StdPeriph_Driver\src\stm32f4xx_gpio.o Libraries\STM32F4xx_StdPeriph_Driver\src\stm32f4xx_hash.o Libraries\STM32F4xx_StdPeriph_Driver\src\stm32f4xx_hash_md5.o Libraries\STM32F4xx_StdPeriph_Driver\src\stm32f4xx_hash_sha1.o Libraries\STM32F4xx_StdPeriph_Driver\src\stm32f4xx_i2c.o Libraries\STM32F4xx_StdPeriph_Driver\src\stm32f4xx_iwdg.o Libraries\STM32F4xx_StdPeriph_Driver\src\stm32f4xx_pwr.o Libraries\STM32F4xx_StdPeriph_Driver\src\stm32f4xx_rcc.o Libraries\STM32F4xx_StdPeriph_Driver\src\stm32f4xx_rng.o Libraries\STM32F4xx_StdPeriph_Driver\src\stm32f4xx_rtc.o Libraries\STM32F4xx_StdPeriph_Driver\src\stm32f4xx_sdio.o Libraries\STM32F4xx_StdPeriph_Driver\src\stm32f4xx_spi.o Libraries\STM32F4xx_StdPeriph_Driver\src\stm32f4xx_syscfg.o Libraries\STM32F4xx_StdPeriph_Driver\src\stm32f4xx_tim.o Libraries\STM32F4xx_StdPeriph_Driver\src\stm32f4xx_usart.o Libraries\STM32F4xx_StdPeriph_Driver\src\stm32f4xx_wwdg.o Utilities\STM32F4-Discovery\stm32f4_discovery.o Utilities\STM32F4-Discovery\stm32f4_discovery_audio_codec.o Utilities\STM32F4-Discovery\stm32f4_discovery_lis302dl.o src\STM32F4-Discovery_callback.o src\main.o src\startup_stm32f4xx.o src\stm32f4xx_it.o src\syscalls.o src\system_stm32f4xx.o src\tiny_printf.o -lm -mthumb -mcpu=cortex-m4 -mfloat-abi=softfp -mfpu=fpv4-sp-d16 -T../stm32f4_flash.ld -specs=nosys.specs -static -Wl,-cref,-u,Reset_Handler -Wl,-Map=STM32F4_Discovery_FreeRTOS_Simple_Demo.map -Wl,--gc-sections -Wl,--defsym=malloc_getpagesize_P=0x80 -Wl,--start-group -lc -lm -Wl,--end-group -specs=nano.specs 
C:\Program Files (x86)\Atollic\TrueSTUDIO for STM32 9.1.0\ide\jre\bin\java -jar C:\Program Files (x86)\Atollic\TrueSTUDIO for STM32 9.1.0\Tools\arm-atollic-reports.jar sizeinfo list STM32F4_Discovery_FreeRTOS_Simple_Demo.elf 
Generate build reports...
Print size information
   text	   data	    bss	    dec	    hex	filename
   4072	     24	   1316	   5412	   1524	STM32F4_Discovery_FreeRTOS_Simple_Demo.elf
Print size information done
Generate listing file
Output sent to: STM32F4_Discovery_FreeRTOS_Simple_Demo.list
Generate listing file done
Generate build reports done
Info: Nothing to build for STM32F4_Discovery_FreeRTOS_Simple_Demo
Info: Nothing to build for STM32F4_Discovery_FreeRTOS_Simple_Demo
18:30:31 **** Incremental Build of configuration Debug for project STM32F4_Discovery_FreeRTOS_Simple_Demo ****
Info: Internal Builder is used for build
arm-atollic-eabi-gcc -c ..\src\main.c -mthumb -mcpu=cortex-m4 -mfloat-abi=softfp -mfpu=fpv4-sp-d16 -std=gnu11 -DUSE_STM32F4_DISCOVERY -DHSE_VALUE=8000000 -DSTM32F4XX -DUSE_STDPERIPH_DRIVER -I../src -I../Libraries/CMSIS/Include -I../Libraries/Device/STM32F4xx/Include -I../Libraries/STM32F4xx_StdPeriph_Driver/inc -I../Utilities/STM32F4-Discovery -I../FreeRTOS_Source/include -I../FreeRTOS_Source/portable/GCC/ARM_CM4F -O0 -ffunction-sections -fdata-sections -g -fstack-usage -Wall -specs=nano.specs -o src\main.o 
arm-atollic-eabi-gcc -o STM32F4_Discovery_FreeRTOS_Simple_Demo.elf FreeRTOS_Source\croutine.o FreeRTOS_Source\event_groups.o FreeRTOS_Source\list.o FreeRTOS_Source\portable\GCC\ARM_CM4F\port.o FreeRTOS_Source\portable\MemMang\heap_1.o FreeRTOS_Source\queue.o FreeRTOS_Source\tasks.o FreeRTOS_Source\timers.o Libraries\STM32F4xx_StdPeriph_Driver\src\misc.o Libraries\STM32F4xx_StdPeriph_Driver\src\stm32f4xx_adc.o Libraries\STM32F4xx_StdPeriph_Driver\src\stm32f4xx_can.o Libraries\STM32F4xx_StdPeriph_Driver\src\stm32f4xx_crc.o Libraries\STM32F4xx_StdPeriph_Driver\src\stm32f4xx_cryp.o Libraries\STM32F4xx_StdPeriph_Driver\src\stm32f4xx_cryp_aes.o Libraries\STM32F4xx_StdPeriph_Driver\src\stm32f4xx_cryp_des.o Libraries\STM32F4xx_StdPeriph_Driver\src\stm32f4xx_cryp_tdes.o Libraries\STM32F4xx_StdPeriph_Driver\src\stm32f4xx_dac.o Libraries\STM32F4xx_StdPeriph_Driver\src\stm32f4xx_dbgmcu.o Libraries\STM32F4xx_StdPeriph_Driver\src\stm32f4xx_dcmi.o Libraries\STM32F4xx_StdPeriph_Driver\src\stm32f4xx_dma.o Libraries\STM32F4xx_StdPeriph_Driver\src\stm32f4xx_exti.o Libraries\STM32F4xx_StdPeriph_Driver\src\stm32f4xx_flash.o Libraries\STM32F4xx_StdPeriph_Driver\src\stm32f4xx_fsmc.o Libraries\STM32F4xx_StdPeriph_Driver\src\stm32f4xx_gpio.o Libraries\STM32F4xx_StdPeriph_Driver\src\stm32f4xx_hash.o Libraries\STM32F4xx_StdPeriph_Driver\src\stm32f4xx_hash_md5.o Libraries\STM32F4xx_StdPeriph_Driver\src\stm32f4xx_hash_sha1.o Libraries\STM32F4xx_StdPeriph_Driver\src\stm32f4xx_i2c.o Libraries\STM32F4xx_StdPeriph_Driver\src\stm32f4xx_iwdg.o Libraries\STM32F4xx_StdPeriph_Driver\src\stm32f4xx_pwr.o Libraries\STM32F4xx_StdPeriph_Driver\src\stm32f4xx_rcc.o Libraries\STM32F4xx_StdPeriph_Driver\src\stm32f4xx_rng.o Libraries\STM32F4xx_StdPeriph_Driver\src\stm32f4xx_rtc.o Libraries\STM32F4xx_StdPeriph_Driver\src\stm32f4xx_sdio.o Libraries\STM32F4xx_StdPeriph_Driver\src\stm32f4xx_spi.o Libraries\STM32F4xx_StdPeriph_Driver\src\stm32f4xx_syscfg.o Libraries\STM32F4xx_StdPeriph_Driver\src\stm32f4xx_tim.o Libraries\STM32F4xx_StdPeriph_Driver\src\stm32f4xx_usart.o Libraries\STM32F4xx_StdPeriph_Driver\src\stm32f4xx_wwdg.o Utilities\STM32F4-Discovery\stm32f4_discovery.o Utilities\STM32F4-Discovery\stm32f4_discovery_audio_codec.o Utilities\STM32F4-Discovery\stm32f4_discovery_lis302dl.o src\STM32F4-Discovery_callback.o src\main.o src\startup_stm32f4xx.o src\stm32f4xx_it.o src\syscalls.o src\system_stm32f4xx.o src\tiny_printf.o -lm -mthumb -mcpu=cortex-m4 -mfloat-abi=softfp -mfpu=fpv4-sp-d16 -T../stm32f4_flash.ld -specs=nosys.specs -static -Wl,-cref,-u,Reset_Handler -Wl,-Map=STM32F4_Discovery_FreeRTOS_Simple_Demo.map -Wl,--gc-sections -Wl,--defsym=malloc_getpagesize_P=0x80 -Wl,--start-group -lc -lm -Wl,--end-group -specs=nano.specs 
C:\Program Files (x86)\Atollic\TrueSTUDIO for STM32 9.1.0\ide\jre\bin\java -jar C:\Program Files (x86)\Atollic\TrueSTUDIO for STM32 9.1.0\Tools\arm-atollic-reports.jar sizeinfo list STM32F4_Discovery_FreeRTOS_Simple_Demo.elf 
Generate build reports...
Print size information
   text	   data	    bss	    dec	    hex	filename
   4120	     24	   1316	   5460	   1554	STM32F4_Discovery_FreeRTOS_Simple_Demo.elf
Print size information done
Generate listing file
Output sent to: STM32F4_Discovery_FreeRTOS_Simple_Demo.list
Generate listing file done
Generate build reports done
